src/features/babylon-renderer/components/gizmo-config-panel/gizmo-config-panel.test.tsx(241,23): error TS2345: Argument of type 'HTMLElement | undefined' is not assignable to parameter of type 'Element | Node | Window | Document'.
  Type 'undefined' is not assignable to type 'Element | Node | Window | Document'.
src/features/babylon-renderer/components/gizmo-config-panel/gizmo-config-panel.test.tsx(246,23): error TS2345: Argument of type 'HTMLElement | undefined' is not assignable to parameter of type 'Element | Node | Window | Document'.
  Type 'undefined' is not assignable to type 'Element | Node | Window | Document'.
src/features/babylon-renderer/services/ast-bridge-converter/primitive-2d-test.test.ts(35,7): error TS2561: Object literal may only specify known properties, but 'lastModified' does not exist in type 'OpenSCADGlobalsState'. Did you mean to write 'isModified'?
src/features/babylon-renderer/services/ast-bridge-converter/primitive-babylon-node-performance.test.ts(14,3): error TS2305: Module '"@/features/openscad-parser"' has no exported member 'OpenSCADGlobalsState'.
src/features/babylon-renderer/services/ast-bridge-converter/primitive-babylon-node-performance.test.ts(59,21): error TS2353: Object literal may only specify known properties, and 'line' does not exist in type 'SourceLocation'.
src/features/babylon-renderer/services/ast-bridge-converter/primitive-babylon-node-performance.test.ts(84,17): error TS2353: Object literal may only specify known properties, and 'x' does not exist in type 'Vector3D | Vector2D | ExpressionNode | ErrorNode'.
src/features/babylon-renderer/services/ast-bridge-converter/primitive-babylon-node-performance.test.ts(86,21): error TS2353: Object literal may only specify known properties, and 'line' does not exist in type 'SourceLocation'.
src/features/babylon-renderer/services/ast-bridge-converter/primitive-babylon-node-performance.test.ts(119,21): error TS2353: Object literal may only specify known properties, and 'line' does not exist in type 'SourceLocation'.
src/features/babylon-renderer/services/ast-bridge-converter/primitive-babylon-node-performance.test.ts(150,21): error TS2353: Object literal may only specify known properties, and 'line' does not exist in type 'SourceLocation'.
src/features/babylon-renderer/services/ast-bridge-converter/primitive-babylon-node-performance.test.ts(206,21): error TS2353: Object literal may only specify known properties, and 'line' does not exist in type 'SourceLocation'.
src/features/babylon-renderer/services/ast-bridge-converter/primitive-babylon-node-performance.test.ts(245,21): error TS2353: Object literal may only specify known properties, and 'line' does not exist in type 'SourceLocation'.
src/features/babylon-renderer/services/ast-bridge-converter/primitive-babylon-node-performance.test.ts(317,11): error TS2345: Argument of type '{ type: "sphere"; r: number; $fn: number; location: { line: number; column: number; }; size?: never; center?: never; h?: never; } | { type: "cube"; size: { x: number; y: number; z: number; }; center: boolean; location: { line: number; column: number; }; r?: never; $fn?: never; h?: never; } | { type: "cylinder"; h: number; r: number; $fn: number; location: { line: number; column: number; }; size?: never; center?: never; }' is not assignable to parameter of type 'ASTNode'.
  Type '{ type: "sphere"; r: number; $fn: number; location: { line: number; column: number; }; size?: never; center?: never; h?: never; }' is not assignable to type 'ASTNode'.
    Type '{ type: "sphere"; r: number; $fn: number; location: { line: number; column: number; }; size?: never; center?: never; h?: never; }' is not assignable to type 'BaseNode | SphereNode'.
      Type '{ type: "sphere"; r: number; $fn: number; location: { line: number; column: number; }; size?: never; center?: never; h?: never; }' is not assignable to type 'SphereNode'.
        Types of property 'location' are incompatible.
          Type '{ line: number; column: number; }' is missing the following properties from type 'SourceLocation': start, end
src/features/babylon-renderer/services/ast-bridge-converter/transformation-babylon-node.test.ts(409,70): error TS2345: Argument of type 'ASTNode | undefined' is not assignable to parameter of type 'ASTNode'.
  Type 'undefined' is not assignable to type 'ASTNode'.
src/features/babylon-renderer/services/axis-overlay-service/simplified-axis-overlay.service.test.ts(382,9): error TS2578: Unused '@ts-expect-error' directive.
src/features/babylon-renderer/services/camera-store-sync/camera-store-sync.service.test.ts(206,59): error TS2345: Argument of type 'number | undefined' is not assignable to parameter of type 'number'.
  Type 'undefined' is not assignable to type 'number'.
src/features/babylon-renderer/services/camera-store-sync/camera-store-sync.service.test.ts(207,59): error TS2345: Argument of type 'number | undefined' is not assignable to parameter of type 'number'.
  Type 'undefined' is not assignable to type 'number'.
src/features/babylon-renderer/services/camera-store-sync/camera-store-sync.service.test.ts(208,59): error TS2345: Argument of type 'number | undefined' is not assignable to parameter of type 'number'.
  Type 'undefined' is not assignable to type 'number'.
src/features/babylon-renderer/services/camera-store-sync/camera-store-sync.service.test.ts(209,57): error TS2345: Argument of type 'number | undefined' is not assignable to parameter of type 'number'.
  Type 'undefined' is not assignable to type 'number'.
src/features/babylon-renderer/services/camera-store-sync/camera-store-sync.service.test.ts(210,57): error TS2345: Argument of type 'number | undefined' is not assignable to parameter of type 'number'.
  Type 'undefined' is not assignable to type 'number'.
src/features/babylon-renderer/services/camera-store-sync/camera-store-sync.service.test.ts(211,57): error TS2345: Argument of type 'number | undefined' is not assignable to parameter of type 'number'.
  Type 'undefined' is not assignable to type 'number'.
src/features/babylon-renderer/services/render-cache/render-cache.service.test.ts(293,57): error TS2345: Argument of type 'string | undefined' is not assignable to parameter of type 'string'.
  Type 'undefined' is not assignable to type 'string'.
src/features/openscad-geometry-builder/services/3d-operations/boolean-operations-3d/boolean-operations-3d.test.ts(90,11): error TS2353: Object literal may only specify known properties, and 'size' does not exist in type '{ readonly min: Vector3; readonly max: Vector3; }'.
src/features/openscad-geometry-builder/services/3d-operations/boolean-operations-3d/boolean-operations-3d.test.ts(163,11): error TS2353: Object literal may only specify known properties, and 'size' does not exist in type '{ readonly min: Vector3; readonly max: Vector3; }'.
src/features/openscad-geometry-builder/services/3d-operations/boolean-operations-3d/boolean-operations-3d.test.ts(377,59): error TS2345: Argument of type 'number | undefined' is not assignable to parameter of type 'number'.
  Type 'undefined' is not assignable to type 'number'.
src/features/openscad-geometry-builder/services/3d-operations/boolean-operations-3d/boolean-operations-3d.test.ts(390,60): error TS2345: Argument of type 'number | undefined' is not assignable to parameter of type 'number | bigint'.
  Type 'undefined' is not assignable to type 'number | bigint'.
src/features/openscad-geometry-builder/services/3d-operations/boolean-operations-3d/boolean-operations-3d.test.ts(501,22): error TS2345: Argument of type 'number | undefined' is not assignable to parameter of type 'number'.
  Type 'undefined' is not assignable to type 'number'.
src/features/openscad-geometry-builder/services/3d-operations/boolean-operations-3d/boolean-operations-3d.test.ts(544,59): error TS2345: Argument of type 'number | undefined' is not assignable to parameter of type 'number'.
  Type 'undefined' is not assignable to type 'number'.
src/features/openscad-geometry-builder/services/ast-converter/ast-to-geometry-converter.test.ts(37,21): error TS2353: Object literal may only specify known properties, and 'line' does not exist in type 'SourceLocation'.
src/features/openscad-geometry-builder/services/ast-converter/ast-to-geometry-converter.test.ts(54,17): error TS2353: Object literal may only specify known properties, and 'x' does not exist in type 'Vector3D | Vector2D | ExpressionNode | ErrorNode'.
src/features/openscad-geometry-builder/services/ast-converter/ast-to-geometry-converter.test.ts(56,21): error TS2353: Object literal may only specify known properties, and 'line' does not exist in type 'SourceLocation'.
src/features/openscad-geometry-builder/services/ast-converter/ast-to-geometry-converter.test.ts(77,21): error TS2353: Object literal may only specify known properties, and 'line' does not exist in type 'SourceLocation'.
src/features/openscad-geometry-builder/services/ast-converter/ast-to-geometry-converter.test.ts(96,21): error TS2353: Object literal may only specify known properties, and 'line' does not exist in type 'SourceLocation'.
src/features/openscad-geometry-builder/services/ast-converter/ast-to-geometry-converter.test.ts(112,17): error TS2353: Object literal may only specify known properties, and 'x' does not exist in type 'Vector3D | Vector2D | ExpressionNode | ErrorNode'.
src/features/openscad-geometry-builder/services/ast-converter/ast-to-geometry-converter.test.ts(114,21): error TS2353: Object literal may only specify known properties, and 'line' does not exist in type 'SourceLocation'.
src/features/openscad-geometry-builder/services/ast-converter/ast-to-geometry-converter.test.ts(136,21): error TS2353: Object literal may only specify known properties, and 'line' does not exist in type 'SourceLocation'.
src/features/openscad-geometry-builder/services/ast-converter/ast-to-geometry-converter.test.ts(169,21): error TS2353: Object literal may only specify known properties, and 'line' does not exist in type 'SourceLocation'.
src/features/openscad-geometry-builder/services/ast-converter/ast-to-geometry-converter.test.ts(194,9): error TS2352: Conversion of type '{ type: "sphere"; radius: number; $fn: number; location: { line: number; column: number; }; }' to type 'SphereNode' may be a mistake because neither type sufficiently overlaps with the other. If this was intentional, convert the expression to 'unknown' first.
  Types of property 'location' are incompatible.
    Type '{ line: number; column: number; }' is missing the following properties from type 'SourceLocation': start, end
src/features/openscad-geometry-builder/services/ast-converter/ast-to-geometry-converter.test.ts(200,9): error TS2352: Conversion of type '{ type: "cube"; size: number; center: false; location: { line: number; column: number; }; }' to type 'CubeNode' may be a mistake because neither type sufficiently overlaps with the other. If this was intentional, convert the expression to 'unknown' first.
  Types of property 'location' are incompatible.
    Type '{ line: number; column: number; }' is missing the following properties from type 'SourceLocation': start, end
src/features/openscad-geometry-builder/services/ast-converter/ast-to-geometry-converter.test.ts(206,9): error TS2352: Conversion of type '{ type: "circle"; r: number; $fn: number; location: { line: number; column: number; }; }' to type 'CircleNode' may be a mistake because neither type sufficiently overlaps with the other. If this was intentional, convert the expression to 'unknown' first.
  Types of property 'location' are incompatible.
    Type '{ line: number; column: number; }' is missing the following properties from type 'SourceLocation': start, end
src/features/openscad-geometry-builder/services/ast-converter/ast-to-geometry-converter.test.ts(237,9): error TS2352: Conversion of type '{ type: "sphere"; radius: number; $fn: number; location: { line: number; column: number; }; }' to type 'SphereNode' may be a mistake because neither type sufficiently overlaps with the other. If this was intentional, convert the expression to 'unknown' first.
  Types of property 'location' are incompatible.
    Type '{ line: number; column: number; }' is missing the following properties from type 'SourceLocation': start, end
src/features/openscad-geometry-builder/services/ast-converter/ast-to-geometry-converter.test.ts(247,9): error TS2352: Conversion of type '{ type: "cube"; size: number; center: false; location: { line: number; column: number; }; }' to type 'CubeNode' may be a mistake because neither type sufficiently overlaps with the other. If this was intentional, convert the expression to 'unknown' first.
  Types of property 'location' are incompatible.
    Type '{ line: number; column: number; }' is missing the following properties from type 'SourceLocation': start, end
src/features/openscad-geometry-builder/services/ast-converter/ast-to-geometry-converter.test.ts(271,21): error TS2353: Object literal may only specify known properties, and 'line' does not exist in type 'SourceLocation'.
src/features/openscad-geometry-builder/services/ast-converter/ast-to-geometry-converter.test.ts(288,21): error TS2353: Object literal may only specify known properties, and 'line' does not exist in type 'SourceLocation'.
src/features/openscad-geometry-builder/services/ast-converter/ast-to-geometry-converter.ts(47,35): error TS2307: Cannot find module '../../geometry-data/types/geometry-data.types' or its corresponding type declarations.
src/features/openscad-geometry-builder/services/ast-converter/ast-to-geometry-converter.ts(199,81): error TS2345: Argument of type 'number | undefined' is not assignable to parameter of type 'number'.
  Type 'undefined' is not assignable to type 'number'.
src/features/openscad-geometry-builder/services/ast-converter/ast-to-geometry-converter.ts(238,58): error TS2345: Argument of type 'string | number | true | Vector3D | Vector2D | ExpressionNode | ErrorNode' is not assignable to parameter of type 'number | Vector3'.
  Type 'string' is not assignable to type 'number | Vector3'.
src/features/openscad-geometry-builder/services/ast-converter/ast-to-geometry-converter.ts(272,34): error TS2345: Argument of type 'string | number' is not assignable to parameter of type 'number'.
  Type 'string' is not assignable to type 'number'.
src/features/openscad-geometry-builder/services/ast-converter/ast-to-geometry-converter.ts(273,84): error TS2345: Argument of type 'number | undefined' is not assignable to parameter of type 'number'.
  Type 'undefined' is not assignable to type 'number'.
src/features/openscad-geometry-builder/services/ast-converter/ast-to-geometry-converter.ts(284,9): error TS2345: Argument of type 'string | number' is not assignable to parameter of type 'number'.
  Type 'string' is not assignable to type 'number'.
src/features/openscad-geometry-builder/services/ast-converter/ast-to-geometry-converter.ts(320,81): error TS2345: Argument of type 'number | undefined' is not assignable to parameter of type 'number'.
  Type 'undefined' is not assignable to type 'number'.
src/features/openscad-geometry-builder/services/ast-converter/ast-to-geometry-converter.ts(363,9): error TS2322: Type 'string | number | true | Vector3D | Vector2D | ExpressionNode | ErrorNode' is not assignable to type 'number | Vector2'.
  Type 'string' is not assignable to type 'number | Vector2'.
src/features/openscad-geometry-builder/services/ast-converter/ast-to-geometry-converter.ts(402,17): error TS2304: Cannot find name 'Vector2D'.
src/features/openscad-geometry-builder/services/geometry-bridge/babylon-mesh-builder/babylon-mesh-builder.ts(267,24): error TS2345: Argument of type 'number | undefined' is not assignable to parameter of type 'number'.
  Type 'undefined' is not assignable to type 'number'.
src/features/openscad-geometry-builder/services/geometry-bridge/babylon-mesh-builder/babylon-mesh-builder.ts(270,24): error TS2345: Argument of type 'number | undefined' is not assignable to parameter of type 'number'.
  Type 'undefined' is not assignable to type 'number'.
src/features/openscad-geometry-builder/services/geometry-bridge/babylon-mesh-builder/babylon-mesh-builder.ts(271,24): error TS2345: Argument of type 'number | undefined' is not assignable to parameter of type 'number'.
  Type 'undefined' is not assignable to type 'number'.
src/features/openscad-geometry-builder/services/geometry-bridge/babylon-mesh-builder/babylon-mesh-builder.ts(275,26): error TS2345: Argument of type 'number | undefined' is not assignable to parameter of type 'number'.
  Type 'undefined' is not assignable to type 'number'.
src/features/openscad-geometry-builder/services/geometry-cache/geometry-cache.service.test.ts(87,9): error TS2322: Type '{ radius: number; fn: number; }' is not assignable to type 'Record<string, unknown> & { readonly pointCount: number; readonly faceCount: number; readonly convexity: number; }'.
  Type '{ radius: number; fn: number; }' is missing the following properties from type '{ readonly pointCount: number; readonly faceCount: number; readonly convexity: number; }': pointCount, faceCount, convexity
src/features/openscad-geometry-builder/services/mesh-converter/geometry-to-mesh-converter.test.ts(12,8): error TS2307: Cannot find module '../../geometry-data/types/geometry-data.types' or its corresponding type declarations.
src/features/openscad-geometry-builder/services/mesh-converter/geometry-to-mesh-converter.test.ts(179,16): error TS2532: Object is possibly 'undefined'.
src/features/openscad-geometry-builder/services/mesh-converter/geometry-to-mesh-converter.test.ts(180,16): error TS2532: Object is possibly 'undefined'.
src/features/openscad-geometry-builder/services/mesh-converter/geometry-to-mesh-converter.ts(35,8): error TS2307: Cannot find module '../../geometry-data/types/geometry-data.types' or its corresponding type declarations.
src/features/openscad-geometry-builder/services/mesh-converter/geometry-to-mesh-converter.ts(275,7): error TS2322: Type 'string | undefined' is not assignable to type 'string'.
  Type 'undefined' is not assignable to type 'string'.
src/features/openscad-geometry-builder/services/pipeline/openscad-rendering-pipeline.integration.test.ts(59,9): error TS2352: Conversion of type '{ type: "assign_statement"; variable: string; value: number; location: { line: number; column: number; }; }' to type 'AssignStatementNode' may be a mistake because neither type sufficiently overlaps with the other. If this was intentional, convert the expression to 'unknown' first.
  Types of property 'value' are incompatible.
    Type 'number' is not comparable to type 'ExpressionNode'.
src/features/openscad-geometry-builder/services/pipeline/openscad-rendering-pipeline.integration.test.ts(65,9): error TS2352: Conversion of type '{ type: "assign_statement"; variable: string; value: number; location: { line: number; column: number; }; }' to type 'AssignStatementNode' may be a mistake because neither type sufficiently overlaps with the other. If this was intentional, convert the expression to 'unknown' first.
  Types of property 'value' are incompatible.
    Type 'number' is not comparable to type 'ExpressionNode'.
src/features/openscad-geometry-builder/services/pipeline/openscad-rendering-pipeline.integration.test.ts(71,9): error TS2352: Conversion of type '{ type: "sphere"; radius: number; $fn: number; location: { line: number; column: number; }; }' to type 'SphereNode' may be a mistake because neither type sufficiently overlaps with the other. If this was intentional, convert the expression to 'unknown' first.
  Types of property 'location' are incompatible.
    Type '{ line: number; column: number; }' is missing the following properties from type 'SourceLocation': start, end
src/features/openscad-geometry-builder/services/pipeline/openscad-rendering-pipeline.integration.test.ts(77,9): error TS2352: Conversion of type '{ type: "cube"; size: { x: number; y: number; z: number; }; center: true; location: { line: number; column: number; }; }' to type 'CubeNode' may be a mistake because neither type sufficiently overlaps with the other. If this was intentional, convert the expression to 'unknown' first.
  Types of property 'size' are incompatible.
    Type '{ x: number; y: number; z: number; }' is not comparable to type 'ParameterValue'.
      Type '{ x: number; y: number; z: number; }' is not comparable to type 'undefined'.
src/features/openscad-geometry-builder/services/pipeline/openscad-rendering-pipeline.integration.test.ts(83,9): error TS2352: Conversion of type '{ type: "cylinder"; h: number; r: number; center: false; $fn: number; location: { line: number; column: number; }; }' to type 'CylinderNode' may be a mistake because neither type sufficiently overlaps with the other. If this was intentional, convert the expression to 'unknown' first.
  Types of property 'location' are incompatible.
    Type '{ line: number; column: number; }' is missing the following properties from type 'SourceLocation': start, end
src/features/openscad-geometry-builder/services/pipeline/openscad-rendering-pipeline.integration.test.ts(91,9): error TS2352: Conversion of type '{ type: "circle"; r: number; $fn: number; location: { line: number; column: number; }; }' to type 'CircleNode' may be a mistake because neither type sufficiently overlaps with the other. If this was intentional, convert the expression to 'unknown' first.
  Types of property 'location' are incompatible.
    Type '{ line: number; column: number; }' is missing the following properties from type 'SourceLocation': start, end
src/features/openscad-geometry-builder/services/pipeline/openscad-rendering-pipeline.integration.test.ts(97,9): error TS2352: Conversion of type '{ type: "square"; size: { x: number; y: number; }; center: true; location: { line: number; column: number; }; }' to type 'SquareNode' may be a mistake because neither type sufficiently overlaps with the other. If this was intentional, convert the expression to 'unknown' first.
  Types of property 'size' are incompatible.
    Type '{ x: number; y: number; }' is not comparable to type 'ParameterValue'.
      Type '{ x: number; y: number; }' is not comparable to type 'undefined'.
src/features/openscad-geometry-builder/services/pipeline/openscad-rendering-pipeline.integration.test.ts(103,9): error TS2352: Conversion of type '{ type: "polygon"; points: number[][]; convexity: number; location: { line: number; column: number; }; }' to type 'PolygonNode' may be a mistake because neither type sufficiently overlaps with the other. If this was intentional, convert the expression to 'unknown' first.
  Types of property 'location' are incompatible.
    Type '{ line: number; column: number; }' is missing the following properties from type 'SourceLocation': start, end
src/features/openscad-geometry-builder/services/pipeline/openscad-rendering-pipeline.integration.test.ts(151,9): error TS2352: Conversion of type '{ type: "sphere"; radius: number; location: { line: number; column: number; }; }' to type 'SphereNode' may be a mistake because neither type sufficiently overlaps with the other. If this was intentional, convert the expression to 'unknown' first.
  Types of property 'location' are incompatible.
    Type '{ line: number; column: number; }' is missing the following properties from type 'SourceLocation': start, end
src/features/openscad-geometry-builder/services/pipeline/openscad-rendering-pipeline.integration.test.ts(156,9): error TS2352: Conversion of type '{ type: "circle"; r: number; location: { line: number; column: number; }; }' to type 'CircleNode' may be a mistake because neither type sufficiently overlaps with the other. If this was intentional, convert the expression to 'unknown' first.
  Types of property 'location' are incompatible.
    Type '{ line: number; column: number; }' is missing the following properties from type 'SourceLocation': start, end
src/features/openscad-geometry-builder/services/pipeline/openscad-rendering-pipeline.integration.test.ts(161,9): error TS2352: Conversion of type '{ type: "cube"; size: number; location: { line: number; column: number; }; }' to type 'CubeNode' may be a mistake because neither type sufficiently overlaps with the other. If this was intentional, convert the expression to 'unknown' first.
  Types of property 'location' are incompatible.
    Type '{ line: number; column: number; }' is missing the following properties from type 'SourceLocation': start, end
src/features/openscad-geometry-builder/services/pipeline/openscad-rendering-pipeline.integration.test.ts(166,9): error TS2352: Conversion of type '{ type: "square"; size: number; location: { line: number; column: number; }; }' to type 'SquareNode' may be a mistake because neither type sufficiently overlaps with the other. If this was intentional, convert the expression to 'unknown' first.
  Types of property 'location' are incompatible.
    Type '{ line: number; column: number; }' is missing the following properties from type 'SourceLocation': start, end
src/features/openscad-geometry-builder/services/pipeline/openscad-rendering-pipeline.integration.test.ts(194,9): error TS2352: Conversion of type '{ type: "assign_statement"; variable: string; value: number; location: { line: number; column: number; }; }' to type 'AssignStatementNode' may be a mistake because neither type sufficiently overlaps with the other. If this was intentional, convert the expression to 'unknown' first.
  Types of property 'value' are incompatible.
    Type 'number' is not comparable to type 'ExpressionNode'.
src/features/openscad-geometry-builder/services/pipeline/openscad-rendering-pipeline.integration.test.ts(200,9): error TS2352: Conversion of type '{ type: "assign_statement"; variable: string; value: number; location: { line: number; column: number; }; }' to type 'AssignStatementNode' may be a mistake because neither type sufficiently overlaps with the other. If this was intentional, convert the expression to 'unknown' first.
  Types of property 'value' are incompatible.
    Type 'number' is not comparable to type 'ExpressionNode'.
src/features/openscad-geometry-builder/services/pipeline/openscad-rendering-pipeline.integration.test.ts(206,9): error TS2352: Conversion of type '{ type: "sphere"; radius: number; location: { line: number; column: number; }; }' to type 'SphereNode' may be a mistake because neither type sufficiently overlaps with the other. If this was intentional, convert the expression to 'unknown' first.
  Types of property 'location' are incompatible.
    Type '{ line: number; column: number; }' is missing the following properties from type 'SourceLocation': start, end
src/features/openscad-geometry-builder/services/pipeline/openscad-rendering-pipeline.integration.test.ts(212,9): error TS2352: Conversion of type '{ type: "circle"; r: number; location: { line: number; column: number; }; }' to type 'CircleNode' may be a mistake because neither type sufficiently overlaps with the other. If this was intentional, convert the expression to 'unknown' first.
  Types of property 'location' are incompatible.
    Type '{ line: number; column: number; }' is missing the following properties from type 'SourceLocation': start, end
src/features/openscad-geometry-builder/services/pipeline/openscad-rendering-pipeline.integration.test.ts(243,9): error TS2352: Conversion of type '{ type: "sphere"; radius: number; location: { line: number; column: number; }; }' to type 'SphereNode' may be a mistake because neither type sufficiently overlaps with the other. If this was intentional, convert the expression to 'unknown' first.
  Types of property 'location' are incompatible.
    Type '{ line: number; column: number; }' is missing the following properties from type 'SourceLocation': start, end
src/features/openscad-geometry-builder/services/pipeline/openscad-rendering-pipeline.integration.test.ts(306,23): error TS2352: Conversion of type '{ type: "sphere"; radius: number; $fn: number; location: { line: number; column: number; }; }' to type 'SphereNode' may be a mistake because neither type sufficiently overlaps with the other. If this was intentional, convert the expression to 'unknown' first.
  Types of property 'location' are incompatible.
    Type '{ line: number; column: number; }' is missing the following properties from type 'SourceLocation': start, end
src/features/openscad-geometry-builder/services/pipeline/openscad-rendering-pipeline.integration.test.ts(333,9): error TS2352: Conversion of type '{ type: "sphere"; radius: number; $fn: number; location: { line: number; column: number; }; }' to type 'SphereNode' may be a mistake because neither type sufficiently overlaps with the other. If this was intentional, convert the expression to 'unknown' first.
  Types of property 'location' are incompatible.
    Type '{ line: number; column: number; }' is missing the following properties from type 'SourceLocation': start, end
src/features/openscad-geometry-builder/services/pipeline/openscad-rendering-pipeline.integration.test.ts(339,9): error TS2352: Conversion of type '{ type: "cylinder"; h: number; r: number; $fn: number; location: { line: number; column: number; }; }' to type 'CylinderNode' may be a mistake because neither type sufficiently overlaps with the other. If this was intentional, convert the expression to 'unknown' first.
  Types of property 'location' are incompatible.
    Type '{ line: number; column: number; }' is missing the following properties from type 'SourceLocation': start, end
src/features/openscad-geometry-builder/services/pipeline/openscad-rendering-pipeline.integration.test.ts(374,9): error TS2352: Conversion of type '{ type: "sphere"; radius: number; location: { line: number; column: number; }; }' to type 'SphereNode' may be a mistake because neither type sufficiently overlaps with the other. If this was intentional, convert the expression to 'unknown' first.
  Types of property 'location' are incompatible.
    Type '{ line: number; column: number; }' is missing the following properties from type 'SourceLocation': start, end
src/features/openscad-geometry-builder/services/pipeline/openscad-rendering-pipeline.integration.test.ts(379,9): error TS2352: Conversion of type '{ type: "cube"; size: number; location: { line: number; column: number; }; }' to type 'CubeNode' may be a mistake because neither type sufficiently overlaps with the other. If this was intentional, convert the expression to 'unknown' first.
  Types of property 'location' are incompatible.
    Type '{ line: number; column: number; }' is missing the following properties from type 'SourceLocation': start, end
src/features/openscad-geometry-builder/services/pipeline/openscad-rendering-pipeline.test.ts(46,9): error TS2352: Conversion of type '{ type: "assign_statement"; variable: string; value: number; location: { line: number; column: number; }; }' to type 'AssignStatementNode' may be a mistake because neither type sufficiently overlaps with the other. If this was intentional, convert the expression to 'unknown' first.
  Types of property 'value' are incompatible.
    Type 'number' is not comparable to type 'ExpressionNode'.
src/features/openscad-geometry-builder/services/pipeline/openscad-rendering-pipeline.test.ts(52,9): error TS2352: Conversion of type '{ type: "assign_statement"; variable: string; value: number; location: { line: number; column: number; }; }' to type 'AssignStatementNode' may be a mistake because neither type sufficiently overlaps with the other. If this was intentional, convert the expression to 'unknown' first.
  Types of property 'value' are incompatible.
    Type 'number' is not comparable to type 'ExpressionNode'.
src/features/openscad-geometry-builder/services/pipeline/openscad-rendering-pipeline.test.ts(58,9): error TS2352: Conversion of type '{ type: "assign_statement"; variable: string; value: number; location: { line: number; column: number; }; }' to type 'AssignStatementNode' may be a mistake because neither type sufficiently overlaps with the other. If this was intentional, convert the expression to 'unknown' first.
  Types of property 'value' are incompatible.
    Type 'number' is not comparable to type 'ExpressionNode'.
src/features/openscad-geometry-builder/services/pipeline/openscad-rendering-pipeline.test.ts(64,9): error TS2352: Conversion of type '{ type: "sphere"; radius: number; location: { line: number; column: number; }; }' to type 'SphereNode' may be a mistake because neither type sufficiently overlaps with the other. If this was intentional, convert the expression to 'unknown' first.
  Types of property 'location' are incompatible.
    Type '{ line: number; column: number; }' is missing the following properties from type 'SourceLocation': start, end
src/features/openscad-geometry-builder/services/pipeline/openscad-rendering-pipeline.test.ts(81,9): error TS2352: Conversion of type '{ type: "sphere"; radius: number; location: { line: number; column: number; }; }' to type 'SphereNode' may be a mistake because neither type sufficiently overlaps with the other. If this was intentional, convert the expression to 'unknown' first.
  Types of property 'location' are incompatible.
    Type '{ line: number; column: number; }' is missing the following properties from type 'SourceLocation': start, end
src/features/openscad-geometry-builder/services/pipeline/openscad-rendering-pipeline.test.ts(104,9): error TS2352: Conversion of type '{ type: "assign_statement"; variable: string; value: number; location: { line: number; column: number; }; }' to type 'AssignStatementNode' may be a mistake because neither type sufficiently overlaps with the other. If this was intentional, convert the expression to 'unknown' first.
  Types of property 'value' are incompatible.
    Type 'number' is not comparable to type 'ExpressionNode'.
src/features/openscad-geometry-builder/services/pipeline/openscad-rendering-pipeline.test.ts(122,9): error TS2352: Conversion of type '{ type: "assign_statement"; variable: string; value: number; location: { line: number; column: number; }; }' to type 'AssignStatementNode' may be a mistake because neither type sufficiently overlaps with the other. If this was intentional, convert the expression to 'unknown' first.
  Types of property 'value' are incompatible.
    Type 'number' is not comparable to type 'ExpressionNode'.
src/features/openscad-geometry-builder/services/pipeline/openscad-rendering-pipeline.test.ts(128,9): error TS2352: Conversion of type '{ type: "sphere"; radius: number; location: { line: number; column: number; }; }' to type 'SphereNode' may be a mistake because neither type sufficiently overlaps with the other. If this was intentional, convert the expression to 'unknown' first.
  Types of property 'location' are incompatible.
    Type '{ line: number; column: number; }' is missing the following properties from type 'SourceLocation': start, end
src/features/openscad-geometry-builder/services/pipeline/openscad-rendering-pipeline.test.ts(133,9): error TS2352: Conversion of type '{ type: "cube"; size: number; location: { line: number; column: number; }; }' to type 'CubeNode' may be a mistake because neither type sufficiently overlaps with the other. If this was intentional, convert the expression to 'unknown' first.
  Types of property 'location' are incompatible.
    Type '{ line: number; column: number; }' is missing the following properties from type 'SourceLocation': start, end
src/features/openscad-geometry-builder/services/pipeline/openscad-rendering-pipeline.test.ts(138,9): error TS2352: Conversion of type '{ type: "assign_statement"; variable: string; value: number; location: { line: number; column: number; }; }' to type 'AssignStatementNode' may be a mistake because neither type sufficiently overlaps with the other. If this was intentional, convert the expression to 'unknown' first.
  Types of property 'value' are incompatible.
    Type 'number' is not comparable to type 'ExpressionNode'.
src/features/openscad-geometry-builder/services/pipeline/openscad-rendering-pipeline.test.ts(149,14): error TS2532: Object is possibly 'undefined'.
src/features/openscad-geometry-builder/services/pipeline/openscad-rendering-pipeline.test.ts(150,14): error TS2532: Object is possibly 'undefined'.
src/features/openscad-geometry-builder/services/pipeline/openscad-rendering-pipeline.test.ts(155,9): error TS2352: Conversion of type '{ type: "assign_statement"; variable: string; value: number; location: { line: number; column: number; }; }' to type 'AssignStatementNode' may be a mistake because neither type sufficiently overlaps with the other. If this was intentional, convert the expression to 'unknown' first.
  Types of property 'value' are incompatible.
    Type 'number' is not comparable to type 'ExpressionNode'.
src/features/openscad-geometry-builder/services/pipeline/openscad-rendering-pipeline.test.ts(161,9): error TS2352: Conversion of type '{ type: "assign_statement"; variable: string; value: number; location: { line: number; column: number; }; }' to type 'AssignStatementNode' may be a mistake because neither type sufficiently overlaps with the other. If this was intentional, convert the expression to 'unknown' first.
  Types of property 'value' are incompatible.
    Type 'number' is not comparable to type 'ExpressionNode'.
src/features/openscad-geometry-builder/services/pipeline/openscad-rendering-pipeline.test.ts(178,9): error TS2352: Conversion of type '{ type: "assign_statement"; variable: string; value: number; location: { line: number; column: number; }; }' to type 'AssignStatementNode' may be a mistake because neither type sufficiently overlaps with the other. If this was intentional, convert the expression to 'unknown' first.
  Types of property 'value' are incompatible.
    Type 'number' is not comparable to type 'ExpressionNode'.
src/features/openscad-geometry-builder/services/pipeline/openscad-rendering-pipeline.test.ts(184,9): error TS2352: Conversion of type '{ type: "sphere"; radius: number; $fn: number; location: { line: number; column: number; }; }' to type 'SphereNode' may be a mistake because neither type sufficiently overlaps with the other. If this was intentional, convert the expression to 'unknown' first.
  Types of property 'location' are incompatible.
    Type '{ line: number; column: number; }' is missing the following properties from type 'SourceLocation': start, end
src/features/openscad-geometry-builder/services/pipeline/openscad-rendering-pipeline.test.ts(190,9): error TS2352: Conversion of type '{ type: "cube"; size: number; center: true; location: { line: number; column: number; }; }' to type 'CubeNode' may be a mistake because neither type sufficiently overlaps with the other. If this was intentional, convert the expression to 'unknown' first.
  Types of property 'location' are incompatible.
    Type '{ line: number; column: number; }' is missing the following properties from type 'SourceLocation': start, end
src/features/openscad-geometry-builder/services/pipeline/openscad-rendering-pipeline.test.ts(204,16): error TS2532: Object is possibly 'undefined'.
src/features/openscad-geometry-builder/services/pipeline/openscad-rendering-pipeline.test.ts(205,16): error TS2532: Object is possibly 'undefined'.
src/features/openscad-geometry-builder/services/pipeline/openscad-rendering-pipeline.test.ts(211,9): error TS2352: Conversion of type '{ type: "assign_statement"; variable: string; value: number; location: { line: number; column: number; }; }' to type 'AssignStatementNode' may be a mistake because neither type sufficiently overlaps with the other. If this was intentional, convert the expression to 'unknown' first.
  Types of property 'value' are incompatible.
    Type 'number' is not comparable to type 'ExpressionNode'.
src/features/openscad-geometry-builder/services/pipeline/openscad-rendering-pipeline.test.ts(229,9): error TS2352: Conversion of type '{ type: "sphere"; radius: number; location: { line: number; column: number; }; }' to type 'SphereNode' may be a mistake because neither type sufficiently overlaps with the other. If this was intentional, convert the expression to 'unknown' first.
  Types of property 'location' are incompatible.
    Type '{ line: number; column: number; }' is missing the following properties from type 'SourceLocation': start, end
src/features/openscad-geometry-builder/services/pipeline/openscad-rendering-pipeline.test.ts(272,9): error TS2352: Conversion of type '{ type: "sphere"; radius: number; location: { line: number; column: number; }; }' to type 'SphereNode' may be a mistake because neither type sufficiently overlaps with the other. If this was intentional, convert the expression to 'unknown' first.
  Types of property 'location' are incompatible.
    Type '{ line: number; column: number; }' is missing the following properties from type 'SourceLocation': start, end
src/features/openscad-geometry-builder/services/pipeline/openscad-rendering-pipeline.test.ts(277,9): error TS2352: Conversion of type '{ type: "cube"; size: number; location: { line: number; column: number; }; }' to type 'CubeNode' may be a mistake because neither type sufficiently overlaps with the other. If this was intentional, convert the expression to 'unknown' first.
  Types of property 'location' are incompatible.
    Type '{ line: number; column: number; }' is missing the following properties from type 'SourceLocation': start, end
src/features/openscad-geometry-builder/services/pipeline/openscad-rendering-pipeline.test.ts(336,9): error TS2352: Conversion of type '{ type: "assign_statement"; variable: string; value: number; location: { line: number; column: number; }; }' to type 'AssignStatementNode' may be a mistake because neither type sufficiently overlaps with the other. If this was intentional, convert the expression to 'unknown' first.
  Types of property 'value' are incompatible.
    Type 'number' is not comparable to type 'ExpressionNode'.
src/features/openscad-geometry-builder/services/pipeline/openscad-rendering-pipeline.test.ts(342,9): error TS2352: Conversion of type '{ type: "sphere"; radius: number; location: { line: number; column: number; }; }' to type 'SphereNode' may be a mistake because neither type sufficiently overlaps with the other. If this was intentional, convert the expression to 'unknown' first.
  Types of property 'location' are incompatible.
    Type '{ line: number; column: number; }' is missing the following properties from type 'SourceLocation': start, end
src/features/openscad-geometry-builder/services/pipeline/openscad-rendering-pipeline.test.ts(347,9): error TS2352: Conversion of type '{ type: "sphere"; radius: number; location: { line: number; column: number; }; }' to type 'SphereNode' may be a mistake because neither type sufficiently overlaps with the other. If this was intentional, convert the expression to 'unknown' first.
  Types of property 'location' are incompatible.
    Type '{ line: number; column: number; }' is missing the following properties from type 'SourceLocation': start, end
src/features/openscad-geometry-builder/services/pipeline/openscad-rendering-pipeline.test.ts(352,9): error TS2352: Conversion of type '{ type: "cube"; size: number; location: { line: number; column: number; }; }' to type 'CubeNode' may be a mistake because neither type sufficiently overlaps with the other. If this was intentional, convert the expression to 'unknown' first.
  Types of property 'location' are incompatible.
    Type '{ line: number; column: number; }' is missing the following properties from type 'SourceLocation': start, end
src/features/openscad-geometry-builder/services/polygon-operations/boolean-operations/boolean-operations.ts(423,15): error TS18048: 'vertex' is possibly 'undefined'.
src/features/openscad-geometry-builder/services/polygon-operations/boolean-operations/boolean-operations.ts(424,15): error TS18048: 'vertex' is possibly 'undefined'.
src/features/openscad-geometry-builder/services/polygon-operations/boolean-operations/boolean-operations.ts(444,27): error TS2538: Type 'undefined' cannot be used as an index type.
src/features/openscad-geometry-builder/services/polygon-operations/boolean-operations/boolean-operations.ts(445,27): error TS2538: Type 'undefined' cannot be used as an index type.
src/features/openscad-geometry-builder/services/polygon-operations/boolean-operations/boolean-operations.ts(581,40): error TS2538: Type 'undefined' cannot be used as an index type.
src/features/openscad-geometry-builder/services/polygon-operations/boolean-operations/boolean-operations.ts(582,40): error TS2538: Type 'undefined' cannot be used as an index type.
src/features/openscad-geometry-builder/services/polygon-operations/boolean-operations/boolean-operations.ts(587,42): error TS2538: Type 'undefined' cannot be used as an index type.
src/features/openscad-geometry-builder/services/polygon-operations/boolean-operations/boolean-operations.ts(588,42): error TS2538: Type 'undefined' cannot be used as an index type.
src/features/openscad-geometry-builder/services/polygon-operations/boolean-operations/boolean-operations.ts(648,16): error TS2532: Object is possibly 'undefined'.
src/features/openscad-geometry-builder/services/polygon-operations/boolean-operations/boolean-operations.ts(649,16): error TS2532: Object is possibly 'undefined'.
src/features/openscad-geometry-builder/services/polygon-operations/boolean-operations/boolean-operations.ts(650,16): error TS2532: Object is possibly 'undefined'.
src/features/openscad-geometry-builder/services/polygon-operations/boolean-operations/boolean-operations.ts(651,16): error TS2532: Object is possibly 'undefined'.
src/features/openscad-geometry-builder/services/polygon-operations/offset-operations/offset-operations.ts(257,38): error TS2538: Type 'undefined' cannot be used as an index type.
src/features/openscad-geometry-builder/services/polygon-operations/offset-operations/offset-operations.ts(258,35): error TS2538: Type 'undefined' cannot be used as an index type.
src/features/openscad-geometry-builder/services/polygon-operations/offset-operations/offset-operations.ts(259,35): error TS2538: Type 'undefined' cannot be used as an index type.
src/features/openscad-geometry-builder/services/polygon-operations/offset-operations/offset-operations.ts(325,15): error TS18048: 'vertex' is possibly 'undefined'.
src/features/openscad-geometry-builder/services/polygon-operations/offset-operations/offset-operations.ts(326,15): error TS18048: 'vertex' is possibly 'undefined'.
src/features/openscad-geometry-builder/services/polygon-operations/offset-operations/offset-operations.ts(368,35): error TS18048: 'vertex' is possibly 'undefined'.
src/features/openscad-geometry-builder/services/polygon-operations/offset-operations/offset-operations.ts(368,66): error TS18048: 'vertex' is possibly 'undefined'.
src/features/openscad-geometry-builder/services/polygon-operations/offset-operations/offset-operations.ts(387,35): error TS18048: 'vertex' is possibly 'undefined'.
src/features/openscad-geometry-builder/services/polygon-operations/offset-operations/offset-operations.ts(387,66): error TS18048: 'vertex' is possibly 'undefined'.
src/features/openscad-geometry-builder/services/polygon-operations/offset-operations/offset-operations.ts(402,34): error TS18048: 'vertex' is possibly 'undefined'.
src/features/openscad-geometry-builder/services/polygon-operations/offset-operations/offset-operations.ts(402,57): error TS18048: 'vertex' is possibly 'undefined'.
src/features/openscad-geometry-builder/services/polygon-operations/offset-operations/offset-operations.ts(413,25): error TS2532: Object is possibly 'undefined'.
src/features/openscad-geometry-builder/services/polygon-operations/offset-operations/offset-operations.ts(413,45): error TS2532: Object is possibly 'undefined'.
src/features/openscad-geometry-builder/services/polygon-operations/offset-operations/offset-operations.ts(446,12): error TS18048: 'vertex' is possibly 'undefined'.
src/features/openscad-geometry-builder/services/polygon-operations/offset-operations/offset-operations.ts(447,12): error TS18048: 'vertex' is possibly 'undefined'.
src/features/openscad-geometry-builder/services/polygon-operations/offset-operations/offset-operations.ts(455,12): error TS18048: 'vertex' is possibly 'undefined'.
src/features/openscad-geometry-builder/services/polygon-operations/offset-operations/offset-operations.ts(456,12): error TS18048: 'vertex' is possibly 'undefined'.
src/features/openscad-geometry-builder/services/polygon-operations/offset-operations/offset-operations.ts(499,15): error TS2532: Object is possibly 'undefined'.
src/features/openscad-geometry-builder/services/polygon-operations/offset-operations/offset-operations.ts(499,31): error TS2532: Object is possibly 'undefined'.
src/features/openscad-geometry-builder/services/polygon-operations/offset-operations/offset-operations.ts(499,47): error TS2532: Object is possibly 'undefined'.
src/features/openscad-geometry-builder/services/polygon-operations/offset-operations/offset-operations.ts(499,63): error TS2532: Object is possibly 'undefined'.
src/features/openscad-geometry-builder/services/polygon-operations/polygon-validator/polygon-validator.test.ts(247,18): error TS2532: Object is possibly 'undefined'.
src/features/openscad-geometry-builder/services/polygon-operations/polygon-validator/polygon-validator.test.ts(275,18): error TS2532: Object is possibly 'undefined'.
src/features/openscad-geometry-builder/services/polygon-operations/polygon-validator/polygon-validator.ts(130,11): error TS18048: 'index' is possibly 'undefined'.
src/features/openscad-geometry-builder/services/polygon-operations/polygon-validator/polygon-validator.ts(130,24): error TS18048: 'index' is possibly 'undefined'.
src/features/openscad-geometry-builder/services/polygon-operations/polygon-validator/polygon-validator.ts(142,27): error TS18048: 'hole' is possibly 'undefined'.
src/features/openscad-geometry-builder/services/polygon-operations/polygon-validator/polygon-validator.ts(143,23): error TS18048: 'hole' is possibly 'undefined'.
src/features/openscad-geometry-builder/services/polygon-operations/polygon-validator/polygon-validator.ts(144,13): error TS18048: 'index' is possibly 'undefined'.
src/features/openscad-geometry-builder/services/polygon-operations/polygon-validator/polygon-validator.ts(144,26): error TS18048: 'index' is possibly 'undefined'.
src/features/openscad-geometry-builder/services/polygon-operations/polygon-validator/polygon-validator.ts(211,27): error TS2538: Type 'undefined' cannot be used as an index type.
src/features/openscad-geometry-builder/services/polygon-operations/polygon-validator/polygon-validator.ts(212,27): error TS2538: Type 'undefined' cannot be used as an index type.
src/features/openscad-geometry-builder/services/polygon-operations/polygon-validator/polygon-validator.ts(235,27): error TS2538: Type 'undefined' cannot be used as an index type.
src/features/openscad-geometry-builder/services/polygon-operations/polygon-validator/polygon-validator.ts(236,27): error TS2538: Type 'undefined' cannot be used as an index type.
src/features/openscad-geometry-builder/services/polygon-operations/polygon-validator/polygon-validator.ts(262,27): error TS2538: Type 'undefined' cannot be used as an index type.
src/features/openscad-geometry-builder/services/polygon-operations/polygon-validator/polygon-validator.ts(263,27): error TS2538: Type 'undefined' cannot be used as an index type.
src/features/openscad-geometry-builder/services/polygon-operations/polygon-validator/polygon-validator.ts(271,29): error TS2538: Type 'undefined' cannot be used as an index type.
src/features/openscad-geometry-builder/services/polygon-operations/polygon-validator/polygon-validator.ts(272,29): error TS2538: Type 'undefined' cannot be used as an index type.
src/features/openscad-geometry-builder/services/polygon-operations/polygon-validator/polygon-validator.ts(358,34): error TS2345: Argument of type 'Vector2 | undefined' is not assignable to parameter of type 'Vector2'.
  Type 'undefined' is not assignable to type 'Vector2'.
src/features/openscad-geometry-builder/services/polygon-operations/polygon-validator/polygon-validator.ts(376,27): error TS2538: Type 'undefined' cannot be used as an index type.
src/features/openscad-geometry-builder/services/polygon-operations/polygon-validator/polygon-validator.ts(377,27): error TS2538: Type 'undefined' cannot be used as an index type.
src/features/openscad-geometry-builder/services/polygon-operations/polygon-validator/polygon-validator.ts(404,35): error TS18048: 'hole1' is possibly 'undefined'.
src/features/openscad-geometry-builder/services/polygon-operations/polygon-validator/polygon-validator.ts(406,37): error TS2345: Argument of type 'Vector2 | undefined' is not assignable to parameter of type 'Vector2'.
  Type 'undefined' is not assignable to type 'Vector2'.
src/features/openscad-geometry-builder/services/primitive-generators/2d-primitives/circle-generator/circle-generator.test.ts(155,18): error TS2532: Object is possibly 'undefined'.
src/features/openscad-geometry-builder/services/primitive-generators/2d-primitives/circle-generator/circle-generator.test.ts(156,18): error TS2532: Object is possibly 'undefined'.
src/features/openscad-geometry-builder/services/primitive-generators/2d-primitives/circle-generator/circle-generator.test.ts(159,18): error TS2532: Object is possibly 'undefined'.
src/features/openscad-geometry-builder/services/primitive-generators/2d-primitives/circle-generator/circle-generator.test.ts(160,18): error TS2532: Object is possibly 'undefined'.
src/features/openscad-geometry-builder/services/primitive-generators/2d-primitives/circle-generator/circle-generator.ts(172,27): error TS2538: Type 'undefined' cannot be used as an index type.
src/features/openscad-geometry-builder/services/primitive-generators/2d-primitives/circle-generator/circle-generator.ts(173,27): error TS2538: Type 'undefined' cannot be used as an index type.
src/features/openscad-geometry-builder/services/primitive-generators/2d-primitives/polygon-generator/polygon-generator.ts(134,11): error TS18048: 'path' is possibly 'undefined'.
src/features/openscad-geometry-builder/services/primitive-generators/2d-primitives/polygon-generator/polygon-generator.ts(138,45): error TS18048: 'path' is possibly 'undefined'.
src/features/openscad-geometry-builder/services/primitive-generators/2d-primitives/polygon-generator/polygon-generator.ts(143,27): error TS18048: 'path' is possibly 'undefined'.
src/features/openscad-geometry-builder/services/primitive-generators/2d-primitives/polygon-generator/polygon-generator.ts(144,23): error TS18048: 'path' is possibly 'undefined'.
src/features/openscad-geometry-builder/services/primitive-generators/2d-primitives/polygon-generator/polygon-generator.ts(145,13): error TS18048: 'index' is possibly 'undefined'.
src/features/openscad-geometry-builder/services/primitive-generators/2d-primitives/polygon-generator/polygon-generator.ts(145,26): error TS18048: 'index' is possibly 'undefined'.
src/features/openscad-geometry-builder/services/primitive-generators/2d-primitives/polygon-generator/polygon-generator.ts(173,21): error TS2488: Type 'readonly number[] | undefined' must have a '[Symbol.iterator]()' method that returns an iterator.
src/features/openscad-geometry-builder/services/primitive-generators/2d-primitives/polygon-generator/polygon-generator.ts(238,27): error TS2538: Type 'undefined' cannot be used as an index type.
src/features/openscad-geometry-builder/services/primitive-generators/2d-primitives/polygon-generator/polygon-generator.ts(239,27): error TS2538: Type 'undefined' cannot be used as an index type.
src/features/openscad-geometry-builder/services/primitive-generators/2d-primitives/polygon-generator/polygon-generator.ts(253,27): error TS2538: Type 'undefined' cannot be used as an index type.
src/features/openscad-geometry-builder/services/primitive-generators/2d-primitives/polygon-generator/polygon-generator.ts(254,27): error TS2538: Type 'undefined' cannot be used as an index type.
src/features/openscad-geometry-builder/services/primitive-generators/2d-primitives/polygon-generator/polygon-generator.ts(255,27): error TS2538: Type 'undefined' cannot be used as an index type.
src/features/openscad-geometry-builder/services/primitive-generators/2d-primitives/primitive-2d-factory/primitive-2d-factory.test.ts(274,24): error TS2345: Argument of type 'Primitive2DResult | undefined' is not assignable to parameter of type 'Result<Primitive2DGeometryData, Geometry2DGenerationError>'.
  Type 'undefined' is not assignable to type 'Result<Primitive2DGeometryData, Geometry2DGenerationError>'.
src/features/openscad-geometry-builder/services/primitive-generators/2d-primitives/primitive-2d-factory/primitive-2d-factory.test.ts(275,24): error TS2345: Argument of type 'Primitive2DResult | undefined' is not assignable to parameter of type 'Result<Primitive2DGeometryData, Geometry2DGenerationError>'.
  Type 'undefined' is not assignable to type 'Result<Primitive2DGeometryData, Geometry2DGenerationError>'.
src/features/openscad-geometry-builder/services/primitive-generators/2d-primitives/primitive-2d-factory/primitive-2d-factory.test.ts(276,24): error TS2345: Argument of type 'Primitive2DResult | undefined' is not assignable to parameter of type 'Result<Primitive2DGeometryData, Geometry2DGenerationError>'.
  Type 'undefined' is not assignable to type 'Result<Primitive2DGeometryData, Geometry2DGenerationError>'.
src/features/openscad-geometry-builder/services/primitive-generators/2d-primitives/primitive-2d-factory/primitive-2d-factory.test.ts(299,24): error TS2345: Argument of type 'Primitive2DResult | undefined' is not assignable to parameter of type 'Result<Primitive2DGeometryData, Geometry2DGenerationError>'.
  Type 'undefined' is not assignable to type 'Result<Primitive2DGeometryData, Geometry2DGenerationError>'.
src/features/openscad-geometry-builder/services/primitive-generators/2d-primitives/primitive-2d-factory/primitive-2d-factory.test.ts(300,22): error TS2345: Argument of type 'Primitive2DResult | undefined' is not assignable to parameter of type 'Result<Primitive2DGeometryData, Geometry2DGenerationError>'.
  Type 'undefined' is not assignable to type 'Result<Primitive2DGeometryData, Geometry2DGenerationError>'.
src/features/openscad-geometry-builder/services/primitive-generators/2d-primitives/primitive-2d-factory/primitive-2d-factory.test.ts(301,24): error TS2345: Argument of type 'Primitive2DResult | undefined' is not assignable to parameter of type 'Result<Primitive2DGeometryData, Geometry2DGenerationError>'.
  Type 'undefined' is not assignable to type 'Result<Primitive2DGeometryData, Geometry2DGenerationError>'.
src/features/openscad-geometry-builder/services/primitive-generators/3d-primitives/cube-generator/cube-generator.test.ts(59,20): error TS2532: Object is possibly 'undefined'.
src/features/openscad-geometry-builder/services/primitive-generators/3d-primitives/cube-generator/cube-generator.test.ts(59,52): error TS2532: Object is possibly 'undefined'.
src/features/openscad-geometry-builder/services/primitive-generators/3d-primitives/cube-generator/cube-generator.test.ts(60,20): error TS2532: Object is possibly 'undefined'.
src/features/openscad-geometry-builder/services/primitive-generators/3d-primitives/cube-generator/cube-generator.test.ts(60,52): error TS2532: Object is possibly 'undefined'.
src/features/openscad-geometry-builder/services/primitive-generators/3d-primitives/cube-generator/cube-generator.test.ts(61,20): error TS2532: Object is possibly 'undefined'.
src/features/openscad-geometry-builder/services/primitive-generators/3d-primitives/cube-generator/cube-generator.test.ts(61,52): error TS2532: Object is possibly 'undefined'.
src/features/openscad-geometry-builder/services/primitive-generators/3d-primitives/cube-generator/cube-generator.test.ts(112,20): error TS2532: Object is possibly 'undefined'.
src/features/openscad-geometry-builder/services/primitive-generators/3d-primitives/cube-generator/cube-generator.test.ts(112,52): error TS2532: Object is possibly 'undefined'.
src/features/openscad-geometry-builder/services/primitive-generators/3d-primitives/cube-generator/cube-generator.test.ts(113,20): error TS2532: Object is possibly 'undefined'.
src/features/openscad-geometry-builder/services/primitive-generators/3d-primitives/cube-generator/cube-generator.test.ts(113,52): error TS2532: Object is possibly 'undefined'.
src/features/openscad-geometry-builder/services/primitive-generators/3d-primitives/cube-generator/cube-generator.test.ts(114,20): error TS2532: Object is possibly 'undefined'.
src/features/openscad-geometry-builder/services/primitive-generators/3d-primitives/cube-generator/cube-generator.test.ts(114,52): error TS2532: Object is possibly 'undefined'.
src/features/openscad-geometry-builder/services/primitive-generators/3d-primitives/cube-generator/cube-generator.test.ts(212,25): error TS18048: 'vertex' is possibly 'undefined'.
src/features/openscad-geometry-builder/services/primitive-generators/3d-primitives/cube-generator/cube-generator.test.ts(212,36): error TS18048: 'normal' is possibly 'undefined'.
src/features/openscad-geometry-builder/services/primitive-generators/3d-primitives/cube-generator/cube-generator.test.ts(212,47): error TS18048: 'vertex' is possibly 'undefined'.
src/features/openscad-geometry-builder/services/primitive-generators/3d-primitives/cube-generator/cube-generator.test.ts(212,58): error TS18048: 'normal' is possibly 'undefined'.
src/features/openscad-geometry-builder/services/primitive-generators/3d-primitives/cube-generator/cube-generator.test.ts(212,69): error TS18048: 'vertex' is possibly 'undefined'.
src/features/openscad-geometry-builder/services/primitive-generators/3d-primitives/cube-generator/cube-generator.test.ts(212,80): error TS18048: 'normal' is possibly 'undefined'.
src/features/openscad-geometry-builder/services/primitive-generators/3d-primitives/cylinder-generator/cylinder-generator.test.ts(114,18): error TS18048: 'apexVertex' is possibly 'undefined'.
src/features/openscad-geometry-builder/services/primitive-generators/3d-primitives/cylinder-generator/cylinder-generator.test.ts(115,18): error TS18048: 'apexVertex' is possibly 'undefined'.
src/features/openscad-geometry-builder/services/primitive-generators/3d-primitives/cylinder-generator/cylinder-generator.test.ts(116,18): error TS18048: 'apexVertex' is possibly 'undefined'.
src/features/openscad-geometry-builder/services/primitive-generators/3d-primitives/cylinder-generator/cylinder-generator.test.ts(136,18): error TS18048: 'apexVertex' is possibly 'undefined'.
src/features/openscad-geometry-builder/services/primitive-generators/3d-primitives/cylinder-generator/cylinder-generator.test.ts(137,18): error TS18048: 'apexVertex' is possibly 'undefined'.
src/features/openscad-geometry-builder/services/primitive-generators/3d-primitives/cylinder-generator/cylinder-generator.test.ts(138,18): error TS18048: 'apexVertex' is possibly 'undefined'.
src/features/openscad-geometry-builder/services/primitive-generators/3d-primitives/cylinder-generator/cylinder-generator.ts(175,9): error TS2345: Argument of type 'number | undefined' is not assignable to parameter of type 'number'.
  Type 'undefined' is not assignable to type 'number'.
src/features/openscad-geometry-builder/services/primitive-generators/3d-primitives/polyhedron-generator/polyhedron-generator.test.ts(431,9): error TS2322: Type 'number[][]' is not assignable to type 'readonly Vector3[]'.
  Type 'number[]' is missing the following properties from type 'Vector3': x, y, z
src/features/openscad-geometry-builder/services/primitive-generators/3d-primitives/polyhedron-generator/polyhedron-generator.test.ts(452,9): error TS2322: Type 'number[][]' is not assignable to type 'readonly Vector3[]'.
  Type 'number[]' is missing the following properties from type 'Vector3': x, y, z
src/features/openscad-geometry-builder/services/primitive-generators/3d-primitives/polyhedron-generator/polyhedron-generator.ts(145,9): error TS2352: Conversion of type 'readonly Vector3[]' to type 'readonly (readonly number[])[]' may be a mistake because neither type sufficiently overlaps with the other. If this was intentional, convert the expression to 'unknown' first.
  Type 'Vector3' is missing the following properties from type 'readonly number[]': length, concat, join, slice, and 20 more.
src/features/openscad-geometry-builder/services/primitive-generators/3d-primitives/polyhedron-generator/polyhedron-generator.ts(192,54): error TS2345: Argument of type 'readonly number[] | undefined' is not assignable to parameter of type 'readonly number[]'.
  Type 'undefined' is not assignable to type 'readonly number[]'.
src/features/openscad-geometry-builder/services/primitive-generators/3d-primitives/polyhedron-generator/polyhedron-generator.ts(209,46): error TS2345: Argument of type 'readonly number[] | undefined' is not assignable to parameter of type 'readonly number[]'.
  Type 'undefined' is not assignable to type 'readonly number[]'.
src/features/openscad-geometry-builder/services/primitive-generators/3d-primitives/polyhedron-generator/polyhedron-generator.ts(222,5): error TS2322: Type 'Readonly<{ x: number | undefined; y: number | undefined; z: number | undefined; }>[]' is not assignable to type 'readonly Vector3[]'.
  Type 'Readonly<{ x: number | undefined; y: number | undefined; z: number | undefined; }>' is not assignable to type 'Vector3'.
    Types of property 'x' are incompatible.
      Type 'number | undefined' is not assignable to type 'number'.
        Type 'undefined' is not assignable to type 'number'.
src/features/openscad-geometry-builder/services/primitive-generators/3d-primitives/polyhedron-generator/polyhedron-generator.ts(254,29): error TS2538: Type 'undefined' cannot be used as an index type.
src/features/openscad-geometry-builder/services/primitive-generators/3d-primitives/polyhedron-generator/polyhedron-generator.ts(255,29): error TS2538: Type 'undefined' cannot be used as an index type.
src/features/openscad-geometry-builder/services/primitive-generators/3d-primitives/polyhedron-generator/polyhedron-generator.ts(256,29): error TS2538: Type 'undefined' cannot be used as an index type.
src/features/openscad-geometry-builder/services/primitive-generators/3d-primitives/polyhedron-generator/polyhedron-generator.ts(279,13): error TS18048: 'accumulator' is possibly 'undefined'.
src/features/openscad-geometry-builder/services/primitive-generators/3d-primitives/polyhedron-generator/polyhedron-generator.ts(280,13): error TS18048: 'accumulator' is possibly 'undefined'.
src/features/openscad-geometry-builder/services/primitive-generators/3d-primitives/polyhedron-generator/polyhedron-generator.ts(281,13): error TS18048: 'accumulator' is possibly 'undefined'.
src/features/openscad-geometry-builder/services/primitive-generators/3d-primitives/polyhedron-generator/polyhedron-generator.ts(282,13): error TS18048: 'accumulator' is possibly 'undefined'.
src/features/openscad-geometry-builder/services/primitive-generators/3d-primitives/primitive-3d-factory/primitive-3d-factory.test.ts(149,11): error TS2769: No overload matches this call.
  The last overload gave the following error.
    Type 'number[][]' is not assignable to type 'readonly Vector3[]'.
      Type 'number[]' is missing the following properties from type 'Vector3': x, y, z
src/features/openscad-geometry-builder/services/primitive-generators/3d-primitives/primitive-3d-factory/primitive-3d-factory.test.ts(157,38): error TS2339: Property 'primitiveType' does not exist on type 'never'.
  The intersection 'GeometryMetadata & { readonly primitiveType: "3d-sphere"; readonly parameters: { readonly radius: number; readonly fragments: number; }; } & { readonly primitiveType: "3d-cube"; readonly parameters: { readonly size: Vector3; readonly center: boolean; }; } & { readonly primitiveType: "3d-cylinder"; readonly parameters: { readonly height: number; readonly r1: number; readonly r2: number; readonly center: boolean; readonly fragments: number; }; } & { readonly primitiveType: "3d-polyhedron"; readonly parameters: { readonly pointCount: number; readonly faceCount: number; readonly convexity: number; }; }' was reduced to 'never' because property 'primitiveType' has conflicting types in some constituents.
src/features/openscad-geometry-builder/services/primitive-generators/3d-primitives/primitive-3d-factory/primitive-3d-factory.test.ts(158,38): error TS2339: Property 'parameters' does not exist on type 'never'.
  The intersection 'GeometryMetadata & { readonly primitiveType: "3d-sphere"; readonly parameters: { readonly radius: number; readonly fragments: number; }; } & { readonly primitiveType: "3d-cube"; readonly parameters: { readonly size: Vector3; readonly center: boolean; }; } & { readonly primitiveType: "3d-cylinder"; readonly parameters: { readonly height: number; readonly r1: number; readonly r2: number; readonly center: boolean; readonly fragments: number; }; } & { readonly primitiveType: "3d-polyhedron"; readonly parameters: { readonly pointCount: number; readonly faceCount: number; readonly convexity: number; }; }' was reduced to 'never' because property 'primitiveType' has conflicting types in some constituents.
src/features/openscad-geometry-builder/services/primitive-generators/3d-primitives/primitive-3d-factory/primitive-3d-factory.test.ts(159,38): error TS2339: Property 'parameters' does not exist on type 'never'.
  The intersection 'GeometryMetadata & { readonly primitiveType: "3d-sphere"; readonly parameters: { readonly radius: number; readonly fragments: number; }; } & { readonly primitiveType: "3d-cube"; readonly parameters: { readonly size: Vector3; readonly center: boolean; }; } & { readonly primitiveType: "3d-cylinder"; readonly parameters: { readonly height: number; readonly r1: number; readonly r2: number; readonly center: boolean; readonly fragments: number; }; } & { readonly primitiveType: "3d-polyhedron"; readonly parameters: { readonly pointCount: number; readonly faceCount: number; readonly convexity: number; }; }' was reduced to 'never' because property 'primitiveType' has conflicting types in some constituents.
src/features/openscad-geometry-builder/services/primitive-generators/3d-primitives/primitive-3d-factory/primitive-3d-factory.test.ts(160,38): error TS2339: Property 'parameters' does not exist on type 'never'.
  The intersection 'GeometryMetadata & { readonly primitiveType: "3d-sphere"; readonly parameters: { readonly radius: number; readonly fragments: number; }; } & { readonly primitiveType: "3d-cube"; readonly parameters: { readonly size: Vector3; readonly center: boolean; }; } & { readonly primitiveType: "3d-cylinder"; readonly parameters: { readonly height: number; readonly r1: number; readonly r2: number; readonly center: boolean; readonly fragments: number; }; } & { readonly primitiveType: "3d-polyhedron"; readonly parameters: { readonly pointCount: number; readonly faceCount: number; readonly convexity: number; }; }' was reduced to 'never' because property 'primitiveType' has conflicting types in some constituents.
src/features/openscad-geometry-builder/services/primitive-generators/3d-primitives/primitive-3d-factory/primitive-3d-factory.test.ts(243,14): error TS2532: Object is possibly 'undefined'.
src/features/openscad-geometry-builder/services/primitive-generators/3d-primitives/primitive-3d-factory/primitive-3d-factory.test.ts(244,24): error TS2532: Object is possibly 'undefined'.
src/features/openscad-geometry-builder/services/primitive-generators/3d-primitives/primitive-3d-factory/primitive-3d-factory.test.ts(247,14): error TS2532: Object is possibly 'undefined'.
src/features/openscad-geometry-builder/services/primitive-generators/3d-primitives/primitive-3d-factory/primitive-3d-factory.test.ts(248,24): error TS2532: Object is possibly 'undefined'.
src/features/openscad-geometry-builder/services/primitive-generators/3d-primitives/primitive-3d-factory/primitive-3d-factory.test.ts(251,14): error TS2532: Object is possibly 'undefined'.
src/features/openscad-geometry-builder/services/primitive-generators/3d-primitives/primitive-3d-factory/primitive-3d-factory.test.ts(252,24): error TS2532: Object is possibly 'undefined'.
src/features/openscad-geometry-builder/services/primitive-generators/3d-primitives/primitive-3d-factory/primitive-3d-factory.test.ts(272,24): error TS2532: Object is possibly 'undefined'.
src/features/openscad-geometry-builder/services/primitive-generators/3d-primitives/primitive-3d-factory/primitive-3d-factory.test.ts(273,22): error TS2532: Object is possibly 'undefined'.
src/features/openscad-geometry-builder/services/primitive-generators/3d-primitives/primitive-3d-factory/primitive-3d-factory.ts(215,5): error TS2322: Type '{ id: string | undefined; result: Primitive3DResult; }[]' is not assignable to type '{ id?: string; result: Primitive3DResult; }[]'.
  Type '{ id: string | undefined; result: Primitive3DResult; }' is not assignable to type '{ id?: string; result: Primitive3DResult; }' with 'exactOptionalPropertyTypes: true'. Consider adding 'undefined' to the types of the target's properties.
    Types of property 'id' are incompatible.
      Type 'string | undefined' is not assignable to type 'string'.
        Type 'undefined' is not assignable to type 'string'.
src/features/openscad-geometry-builder/services/primitive-generators/3d-primitives/sphere-generator/sphere-generator-cache-performance.test.ts(83,69): error TS2379: Argument of type '{ radius: number; fn: number; fa: undefined; fs: undefined; }' is not assignable to parameter of type 'SphereParameters' with 'exactOptionalPropertyTypes: true'. Consider adding 'undefined' to the types of the target's properties.
  Types of property 'fs' are incompatible.
    Type 'undefined' is not assignable to type 'number'.
src/features/openscad-geometry-builder/services/primitive-generators/3d-primitives/sphere-generator/sphere-generator-cache-performance.test.ts(100,13): error TS18048: 'firstTime' is possibly 'undefined'.
src/features/openscad-geometry-builder/services/primitive-generators/3d-primitives/sphere-generator/sphere-generator-cache-performance.test.ts(101,44): error TS2345: Argument of type 'number | undefined' is not assignable to parameter of type 'number | bigint'.
  Type 'undefined' is not assignable to type 'number | bigint'.
src/features/openscad-geometry-builder/services/primitive-generators/3d-primitives/sphere-generator/sphere-generator-cache-performance.test.ts(103,44): error TS18048: 'firstTime' is possibly 'undefined'.
src/features/openscad-geometry-builder/services/primitive-generators/3d-primitives/sphere-generator/sphere-generator.test.ts(65,16): error TS2532: Object is possibly 'undefined'.
src/features/openscad-geometry-builder/services/primitive-generators/3d-primitives/sphere-generator/sphere-generator.test.ts(66,16): error TS2532: Object is possibly 'undefined'.
src/features/openscad-geometry-builder/services/primitive-generators/3d-primitives/sphere-generator/sphere-generator.test.ts(67,16): error TS2532: Object is possibly 'undefined'.
src/features/openscad-geometry-builder/services/primitive-generators/3d-primitives/sphere-generator/sphere-generator.test.ts(70,16): error TS2532: Object is possibly 'undefined'.
src/features/openscad-geometry-builder/services/primitive-generators/3d-primitives/sphere-generator/sphere-generator.test.ts(71,16): error TS2532: Object is possibly 'undefined'.
src/features/openscad-geometry-builder/services/primitive-generators/3d-primitives/sphere-generator/sphere-generator.test.ts(72,16): error TS2532: Object is possibly 'undefined'.
src/features/openscad-geometry-builder/services/primitive-generators/3d-primitives/sphere-generator/sphere-generator.test.ts(78,42): error TS18048: 'vertex' is possibly 'undefined'.
src/features/openscad-geometry-builder/services/primitive-generators/3d-primitives/sphere-generator/sphere-generator.test.ts(78,53): error TS18048: 'vertex' is possibly 'undefined'.
src/features/openscad-geometry-builder/services/primitive-generators/3d-primitives/sphere-generator/sphere-generator.test.ts(78,64): error TS18048: 'vertex' is possibly 'undefined'.
src/features/openscad-geometry-builder/services/primitive-generators/3d-primitives/sphere-generator/sphere-generator.test.ts(78,75): error TS18048: 'vertex' is possibly 'undefined'.
src/features/openscad-geometry-builder/services/primitive-generators/3d-primitives/sphere-generator/sphere-generator.ts(92,24): error TS2352: Conversion of type 'Polygon2DGeometryData | PolyhedronGeometryData' to type 'SphereGeometryData' may be a mistake because neither type sufficiently overlaps with the other. If this was intentional, convert the expression to 'unknown' first.
  Type 'PolyhedronGeometryData' is not comparable to type 'SphereGeometryData'.
    Types of property 'metadata' are incompatible.
      Type 'GeometryMetadata & { readonly primitiveType: "3d-polyhedron"; readonly parameters: { readonly pointCount: number; readonly faceCount: number; readonly convexity: number; }; }' is not comparable to type 'GeometryMetadata & { readonly primitiveType: "3d-sphere"; readonly parameters: { readonly radius: number; readonly fragments: number; }; }'.
        Type 'GeometryMetadata & { readonly primitiveType: "3d-polyhedron"; readonly parameters: { readonly pointCount: number; readonly faceCount: number; readonly convexity: number; }; }' is not comparable to type '{ readonly primitiveType: "3d-sphere"; readonly parameters: { readonly radius: number; readonly fragments: number; }; }'.
          Types of property 'primitiveType' are incompatible.
            Type '"3d-polyhedron"' is not comparable to type '"3d-sphere"'.
src/features/openscad-geometry-builder/services/primitive-generators/3d-primitives/sphere-generator/sphere-generator.ts(139,50): error TS2345: Argument of type 'SphereGeometryData' is not assignable to parameter of type 'Polygon2DGeometryData | PolyhedronGeometryData'.
  Type 'SphereGeometryData' is not assignable to type 'PolyhedronGeometryData' with 'exactOptionalPropertyTypes: true'. Consider adding 'undefined' to the types of the target's properties.
    Types of property 'metadata' are incompatible.
      Type 'GeometryMetadata & { readonly primitiveType: "3d-sphere"; readonly parameters: { readonly radius: number; readonly fragments: number; }; }' is not assignable to type 'GeometryMetadata & { readonly primitiveType: "3d-polyhedron"; readonly parameters: { readonly pointCount: number; readonly faceCount: number; readonly convexity: number; }; }' with 'exactOptionalPropertyTypes: true'. Consider adding 'undefined' to the types of the target's properties.
        Type 'GeometryMetadata & { readonly primitiveType: "3d-sphere"; readonly parameters: { readonly radius: number; readonly fragments: number; }; }' is not assignable to type '{ readonly primitiveType: "3d-polyhedron"; readonly parameters: { readonly pointCount: number; readonly faceCount: number; readonly convexity: number; }; }'.
          Types of property 'primitiveType' are incompatible.
            Type '"3d-sphere"' is not assignable to type '"3d-polyhedron"'.
src/features/openscad-geometry-builder/services/primitive-generators/3d-primitives/sphere-generator/sphere-generator.ts(170,24): error TS2352: Conversion of type 'Polygon2DGeometryData | PolyhedronGeometryData' to type 'SphereGeometryData' may be a mistake because neither type sufficiently overlaps with the other. If this was intentional, convert the expression to 'unknown' first.
  Type 'PolyhedronGeometryData' is not comparable to type 'SphereGeometryData'.
    Types of property 'metadata' are incompatible.
      Type 'GeometryMetadata & { readonly primitiveType: "3d-polyhedron"; readonly parameters: { readonly pointCount: number; readonly faceCount: number; readonly convexity: number; }; }' is not comparable to type 'GeometryMetadata & { readonly primitiveType: "3d-sphere"; readonly parameters: { readonly radius: number; readonly fragments: number; }; }'.
        Type 'GeometryMetadata & { readonly primitiveType: "3d-polyhedron"; readonly parameters: { readonly pointCount: number; readonly faceCount: number; readonly convexity: number; }; }' is not comparable to type '{ readonly primitiveType: "3d-sphere"; readonly parameters: { readonly radius: number; readonly fragments: number; }; }'.
          Types of property 'primitiveType' are incompatible.
            Type '"3d-polyhedron"' is not comparable to type '"3d-sphere"'.
src/features/openscad-geometry-builder/services/primitive-generators/3d-primitives/sphere-generator/sphere-generator.ts(206,52): error TS2345: Argument of type 'SphereGeometryData' is not assignable to parameter of type 'Polygon2DGeometryData | PolyhedronGeometryData'.
  Type 'SphereGeometryData' is not assignable to type 'PolyhedronGeometryData' with 'exactOptionalPropertyTypes: true'. Consider adding 'undefined' to the types of the target's properties.
    Types of property 'metadata' are incompatible.
      Type 'GeometryMetadata & { readonly primitiveType: "3d-sphere"; readonly parameters: { readonly radius: number; readonly fragments: number; }; }' is not assignable to type 'GeometryMetadata & { readonly primitiveType: "3d-polyhedron"; readonly parameters: { readonly pointCount: number; readonly faceCount: number; readonly convexity: number; }; }' with 'exactOptionalPropertyTypes: true'. Consider adding 'undefined' to the types of the target's properties.
        Type 'GeometryMetadata & { readonly primitiveType: "3d-sphere"; readonly parameters: { readonly radius: number; readonly fragments: number; }; }' is not assignable to type '{ readonly primitiveType: "3d-polyhedron"; readonly parameters: { readonly pointCount: number; readonly faceCount: number; readonly convexity: number; }; }'.
          Types of property 'primitiveType' are incompatible.
            Type '"3d-sphere"' is not assignable to type '"3d-polyhedron"'.
src/features/openscad-geometry-builder/services/primitive-generators/import-primitives/import-service.test.ts(81,34): error TS2339: Property 'importStatistics' does not exist on type 'GeometryMetadata & { readonly primitiveType: "3d-polyhedron"; readonly parameters: { readonly pointCount: number; readonly faceCount: number; readonly convexity: number; }; }'.
src/features/openscad-geometry-builder/services/primitive-generators/import-primitives/import-service.test.ts(133,34): error TS2339: Property 'importStatistics' does not exist on type 'GeometryMetadata & { readonly primitiveType: "3d-polyhedron"; readonly parameters: { readonly pointCount: number; readonly faceCount: number; readonly convexity: number; }; }'.
src/features/openscad-geometry-builder/services/primitive-generators/import-primitives/import-service.test.ts(160,34): error TS2339: Property 'importStatistics' does not exist on type 'GeometryMetadata & { readonly primitiveType: "3d-polyhedron"; readonly parameters: { readonly pointCount: number; readonly faceCount: number; readonly convexity: number; }; }'.
src/features/openscad-geometry-builder/services/primitive-generators/import-primitives/import-service.test.ts(185,34): error TS2339: Property 'importStatistics' does not exist on type 'GeometryMetadata & { readonly primitiveType: "3d-polyhedron"; readonly parameters: { readonly pointCount: number; readonly faceCount: number; readonly convexity: number; }; }'.
src/features/openscad-geometry-builder/services/primitive-generators/import-primitives/import-service.test.ts(370,44): error TS2339: Property 'importStatistics' does not exist on type 'GeometryMetadata & { readonly primitiveType: "3d-polyhedron"; readonly parameters: { readonly pointCount: number; readonly faceCount: number; readonly convexity: number; }; }'.
src/features/openscad-geometry-builder/services/primitive-generators/import-primitives/import-service.ts(172,13): error TS2353: Object literal may only specify known properties, and 'importStatistics' does not exist in type 'GeometryMetadata & { readonly primitiveType: "3d-polyhedron"; readonly parameters: { readonly pointCount: number; readonly faceCount: number; readonly convexity: number; }; }'.
src/features/openscad-geometry-builder/services/primitive-generators/import-primitives/off-importer/off-importer.test.ts(158,52): error TS2345: Argument of type 'PolyhedronGeometryData' is not assignable to parameter of type 'OFFMesh'.
  Types of property 'vertices' are incompatible.
    The type 'readonly Vector3[]' is 'readonly' and cannot be assigned to the mutable type '{ x: number; y: number; z: number; }[]'.
src/features/openscad-geometry-builder/services/primitive-generators/import-primitives/off-importer/off-importer.ts(162,22): error TS18048: 'countsLine' is possibly 'undefined'.
src/features/openscad-geometry-builder/services/primitive-generators/import-primitives/off-importer/off-importer.ts(176,27): error TS18048: 'vertexCount' is possibly 'undefined'.
src/features/openscad-geometry-builder/services/primitive-generators/import-primitives/off-importer/off-importer.ts(187,24): error TS18048: 'vertexLine' is possibly 'undefined'.
src/features/openscad-geometry-builder/services/primitive-generators/import-primitives/off-importer/off-importer.ts(190,66): error TS2532: Object is possibly 'undefined'.
src/features/openscad-geometry-builder/services/primitive-generators/import-primitives/off-importer/off-importer.ts(207,11): error TS2322: Type 'number | undefined' is not assignable to type 'number'.
  Type 'undefined' is not assignable to type 'number'.
src/features/openscad-geometry-builder/services/primitive-generators/import-primitives/off-importer/off-importer.ts(208,11): error TS2322: Type 'number | undefined' is not assignable to type 'number'.
  Type 'undefined' is not assignable to type 'number'.
src/features/openscad-geometry-builder/services/primitive-generators/import-primitives/off-importer/off-importer.ts(209,11): error TS2322: Type 'number | undefined' is not assignable to type 'number'.
  Type 'undefined' is not assignable to type 'number'.
src/features/openscad-geometry-builder/services/primitive-generators/import-primitives/off-importer/off-importer.ts(215,27): error TS18048: 'faceCount' is possibly 'undefined'.
src/features/openscad-geometry-builder/services/primitive-generators/import-primitives/off-importer/off-importer.ts(216,31): error TS18048: 'vertexCount' is possibly 'undefined'.
src/features/openscad-geometry-builder/services/primitive-generators/import-primitives/off-importer/off-importer.ts(226,26): error TS18048: 'faceLine' is possibly 'undefined'.
src/features/openscad-geometry-builder/services/primitive-generators/import-primitives/off-importer/off-importer.ts(237,31): error TS18048: 'faceVertexCount' is possibly 'undefined'.
src/features/openscad-geometry-builder/services/primitive-generators/import-primitives/off-importer/off-importer.ts(249,47): error TS18048: 'faceVertexCount' is possibly 'undefined'.
src/features/openscad-geometry-builder/services/primitive-generators/import-primitives/off-importer/off-importer.ts(253,37): error TS18048: 'vertexCount' is possibly 'undefined'.
src/features/openscad-geometry-builder/services/primitive-generators/import-primitives/off-importer/off-importer.ts(256,78): error TS18048: 'vertexCount' is possibly 'undefined'.
src/features/openscad-geometry-builder/services/primitive-generators/import-primitives/off-importer/off-importer.ts(271,11): error TS2322: Type 'number | undefined' is not assignable to type 'number'.
  Type 'undefined' is not assignable to type 'number'.
src/features/openscad-geometry-builder/services/primitive-generators/import-primitives/off-importer/off-importer.ts(273,11): error TS2322: Type 'number | undefined' is not assignable to type 'number'.
  Type 'undefined' is not assignable to type 'number'.
src/features/openscad-geometry-builder/services/primitive-generators/import-primitives/off-importer/off-importer.ts(306,23): error TS2322: Type 'number | undefined' is not assignable to type 'number'.
  Type 'undefined' is not assignable to type 'number'.
src/features/openscad-geometry-builder/services/primitive-generators/import-primitives/off-importer/off-importer.ts(306,39): error TS2322: Type 'number | undefined' is not assignable to type 'number'.
  Type 'undefined' is not assignable to type 'number'.
src/features/openscad-geometry-builder/services/primitive-generators/import-primitives/off-importer/off-importer.ts(306,55): error TS2322: Type 'number | undefined' is not assignable to type 'number'.
  Type 'undefined' is not assignable to type 'number'.
src/features/openscad-geometry-builder/services/primitive-generators/import-primitives/off-importer/off-importer.ts(378,16): error TS2532: Object is possibly 'undefined'.
src/features/openscad-geometry-builder/services/primitive-generators/import-primitives/off-importer/off-importer.ts(379,14): error TS2532: Object is possibly 'undefined'.
src/features/openscad-geometry-builder/services/primitive-generators/import-primitives/off-importer/off-importer.ts(380,16): error TS2532: Object is possibly 'undefined'.
src/features/openscad-geometry-builder/services/primitive-generators/import-primitives/off-importer/off-importer.ts(381,14): error TS2532: Object is possibly 'undefined'.
src/features/openscad-geometry-builder/services/primitive-generators/import-primitives/off-importer/off-importer.ts(382,16): error TS2532: Object is possibly 'undefined'.
src/features/openscad-geometry-builder/services/primitive-generators/import-primitives/off-importer/off-importer.ts(383,14): error TS2532: Object is possibly 'undefined'.
src/features/openscad-geometry-builder/services/primitive-generators/import-primitives/off-importer/off-importer.ts(410,27): error TS18048: 'face' is possibly 'undefined'.
src/features/openscad-geometry-builder/services/primitive-generators/import-primitives/off-importer/off-importer.ts(422,28): error TS18048: 'vertex' is possibly 'undefined'.
src/features/openscad-geometry-builder/services/primitive-generators/import-primitives/off-importer/off-importer.ts(422,58): error TS18048: 'vertex' is possibly 'undefined'.
src/features/openscad-geometry-builder/services/primitive-generators/import-primitives/off-importer/off-importer.ts(422,88): error TS18048: 'vertex' is possibly 'undefined'.
src/features/openscad-geometry-builder/services/primitive-generators/import-primitives/off-importer/off-importer.ts(441,21): error TS2339: Property 'normals' does not exist on type 'OFFMesh'.
src/features/openscad-geometry-builder/services/primitive-generators/import-primitives/stl-importer/stl-importer.test.ts(242,52): error TS2345: Argument of type 'PolyhedronGeometryData' is not assignable to parameter of type 'STLMesh'.
  Types of property 'vertices' are incompatible.
    The type 'readonly Vector3[]' is 'readonly' and cannot be assigned to the mutable type '{ x: number; y: number; z: number; }[]'.
src/features/openscad-geometry-builder/services/primitive-generators/import-primitives/stl-importer/stl-importer.ts(169,13): error TS18048: 'line' is possibly 'undefined'.
src/features/openscad-geometry-builder/services/primitive-generators/import-primitives/stl-importer/stl-importer.ts(170,20): error TS18048: 'line' is possibly 'undefined'.
src/features/openscad-geometry-builder/services/primitive-generators/import-primitives/stl-importer/stl-importer.ts(171,20): error TS18048: 'line' is possibly 'undefined'.
src/features/openscad-geometry-builder/services/primitive-generators/import-primitives/stl-importer/stl-importer.ts(172,25): error TS18048: 'line' is possibly 'undefined'.
src/features/openscad-geometry-builder/services/primitive-generators/import-primitives/stl-importer/stl-importer.ts(175,29): error TS2345: Argument of type 'string | undefined' is not assignable to parameter of type 'string'.
  Type 'undefined' is not assignable to type 'string'.
src/features/openscad-geometry-builder/services/primitive-generators/import-primitives/stl-importer/stl-importer.ts(176,29): error TS2345: Argument of type 'string | undefined' is not assignable to parameter of type 'string'.
  Type 'undefined' is not assignable to type 'string'.
src/features/openscad-geometry-builder/services/primitive-generators/import-primitives/stl-importer/stl-importer.ts(177,29): error TS2345: Argument of type 'string | undefined' is not assignable to parameter of type 'string'.
  Type 'undefined' is not assignable to type 'string'.
src/features/openscad-geometry-builder/services/primitive-generators/import-primitives/stl-importer/stl-importer.ts(180,20): error TS18048: 'line' is possibly 'undefined'.
src/features/openscad-geometry-builder/services/primitive-generators/import-primitives/stl-importer/stl-importer.ts(181,25): error TS18048: 'line' is possibly 'undefined'.
src/features/openscad-geometry-builder/services/primitive-generators/import-primitives/stl-importer/stl-importer.ts(184,29): error TS2345: Argument of type 'string | undefined' is not assignable to parameter of type 'string'.
  Type 'undefined' is not assignable to type 'string'.
src/features/openscad-geometry-builder/services/primitive-generators/import-primitives/stl-importer/stl-importer.ts(185,29): error TS2345: Argument of type 'string | undefined' is not assignable to parameter of type 'string'.
  Type 'undefined' is not assignable to type 'string'.
src/features/openscad-geometry-builder/services/primitive-generators/import-primitives/stl-importer/stl-importer.ts(186,29): error TS2345: Argument of type 'string | undefined' is not assignable to parameter of type 'string'.
  Type 'undefined' is not assignable to type 'string'.
src/features/openscad-geometry-builder/services/primitive-generators/import-primitives/stl-importer/stl-importer.ts(217,9): error TS2375: Type '{ format: "ascii"; triangleCount: number; header: string | undefined; }' is not assignable to type '{ readonly format: "binary" | "ascii"; readonly triangleCount: number; readonly header?: string; }' with 'exactOptionalPropertyTypes: true'. Consider adding 'undefined' to the types of the target's properties.
  Types of property 'header' are incompatible.
    Type 'string | undefined' is not assignable to type 'string'.
      Type 'undefined' is not assignable to type 'string'.
src/features/openscad-geometry-builder/services/primitive-generators/import-primitives/stl-importer/stl-importer.ts(429,16): error TS2532: Object is possibly 'undefined'.
src/features/openscad-geometry-builder/services/primitive-generators/import-primitives/stl-importer/stl-importer.ts(430,14): error TS2532: Object is possibly 'undefined'.
src/features/openscad-geometry-builder/services/primitive-generators/import-primitives/stl-importer/stl-importer.ts(431,16): error TS2532: Object is possibly 'undefined'.
src/features/openscad-geometry-builder/services/primitive-generators/import-primitives/stl-importer/stl-importer.ts(432,14): error TS2532: Object is possibly 'undefined'.
src/features/openscad-geometry-builder/services/primitive-generators/import-primitives/stl-importer/stl-importer.ts(433,16): error TS2532: Object is possibly 'undefined'.
src/features/openscad-geometry-builder/services/primitive-generators/import-primitives/stl-importer/stl-importer.ts(434,14): error TS2532: Object is possibly 'undefined'.
src/features/openscad-geometry-builder/services/primitive-generators/import-primitives/stl-importer/stl-importer.ts(461,32): error TS18048: 'face' is possibly 'undefined'.
src/features/openscad-geometry-builder/services/primitive-generators/import-primitives/stl-importer/stl-importer.ts(462,32): error TS18048: 'face' is possibly 'undefined'.
src/features/openscad-geometry-builder/services/primitive-generators/import-primitives/stl-importer/stl-importer.ts(463,32): error TS18048: 'face' is possibly 'undefined'.
src/features/openscad-geometry-builder/services/primitive-generators/import-primitives/stl-importer/stl-importer.ts(466,30): error TS2345: Argument of type '{ x: number; y: number; z: number; } | undefined' is not assignable to parameter of type '{ x: number; y: number; z: number; }'.
  Type 'undefined' is not assignable to type '{ x: number; y: number; z: number; }'.
src/features/openscad-geometry-builder/services/primitive-generators/import-primitives/stl-importer/stl-importer.ts(466,60): error TS2345: Argument of type '{ x: number; y: number; z: number; } | undefined' is not assignable to parameter of type '{ x: number; y: number; z: number; }'.
  Type 'undefined' is not assignable to type '{ x: number; y: number; z: number; }'.
src/features/openscad-geometry-builder/services/primitive-generators/import-primitives/stl-importer/stl-importer.ts(466,90): error TS2345: Argument of type '{ x: number; y: number; z: number; } | undefined' is not assignable to parameter of type '{ x: number; y: number; z: number; }'.
  Type 'undefined' is not assignable to type '{ x: number; y: number; z: number; }'.
src/features/openscad-geometry-builder/services/primitive-generators/import-primitives/stl-importer/stl-importer.ts(474,28): error TS18048: 'vertex' is possibly 'undefined'.
src/features/openscad-geometry-builder/services/primitive-generators/import-primitives/stl-importer/stl-importer.ts(474,58): error TS18048: 'vertex' is possibly 'undefined'.
src/features/openscad-geometry-builder/services/primitive-generators/import-primitives/stl-importer/stl-importer.ts(474,88): error TS18048: 'vertex' is possibly 'undefined'.
src/features/openscad-geometry-builder/services/primitive-generators/import-primitives/stl-importer/stl-importer.ts(493,7): error TS2322: Type '{ x: number; y: number; z: number; }[] | undefined' is not assignable to type 'readonly Vector3[]'.
  Type 'undefined' is not assignable to type 'readonly Vector3[]'.
src/features/openscad-geometry-builder/services/primitive-generators/text-primitives/font-loader/font-loader.ts(60,21): error TS1354: 'readonly' type modifier is only permitted on array and tuple literal types.
src/features/openscad-geometry-builder/services/primitive-generators/text-primitives/font-loader/font-loader.ts(386,20): error TS2532: Object is possibly 'undefined'.
src/features/openscad-geometry-builder/services/primitive-generators/text-primitives/font-loader/font-loader.ts(393,24): error TS2532: Object is possibly 'undefined'.
src/features/openscad-geometry-builder/services/primitive-generators/text-primitives/font-loader/font-loader.ts(394,32): error TS2532: Object is possibly 'undefined'.
src/features/openscad-geometry-builder/services/primitive-generators/text-primitives/text-generator/text-generator.test.ts(231,14): error TS2532: Object is possibly 'undefined'.
src/features/openscad-geometry-builder/services/primitive-generators/text-primitives/text-generator/text-generator.test.ts(231,44): error TS2532: Object is possibly 'undefined'.
src/features/openscad-geometry-builder/services/primitive-generators/text-primitives/text-generator/text-generator.test.ts(232,14): error TS2532: Object is possibly 'undefined'.
src/features/openscad-geometry-builder/services/primitive-generators/text-primitives/text-generator/text-generator.test.ts(232,44): error TS2532: Object is possibly 'undefined'.
src/features/openscad-geometry-builder/services/primitive-generators/text-primitives/text-generator/text-generator.ts(31,3): error TS2724: '"../../../../types/geometry-data"' has no exported member named 'Polygon2DGeometryData'. Did you mean 'PolyhedronGeometryData'?
src/features/openscad-geometry-builder/services/primitive-generators/text-primitives/text-generator/text-generator.ts(213,57): error TS2345: Argument of type 'FontSpecification' is not assignable to parameter of type 'string'.
  Type '{ readonly family: string; readonly style?: string; readonly weight?: number; }' is not assignable to type 'string'.
src/features/openscad-geometry-builder/services/primitive-generators/text-primitives/text-generator/text-generator.ts(389,39): error TS2532: Object is possibly 'undefined'.
src/features/openscad-geometry-builder/services/primitive-generators/text-primitives/text-generator/text-generator.ts(407,27): error TS2538: Type 'undefined' cannot be used as an index type.
src/features/openscad-geometry-builder/services/primitive-generators/text-primitives/text-generator/text-generator.ts(408,27): error TS2538: Type 'undefined' cannot be used as an index type.
src/features/openscad-geometry-builder/services/primitive-generators/text-primitives/text-generator/text-generator.ts(420,20): error TS1354: 'readonly' type modifier is only permitted on array and tuple literal types.
src/features/openscad-geometry-builder/test-utilities/geometry-assertions.ts(12,15): error TS2724: '"../types/geometry-data"' has no exported member named 'GeometryData'. Did you mean 'Geometry3DData'?
src/features/openscad-geometry-builder/test-utilities/geometry-assertions.ts(79,19): error TS18048: 'vertex' is possibly 'undefined'.
src/features/openscad-geometry-builder/test-utilities/geometry-assertions.ts(80,19): error TS18048: 'vertex' is possibly 'undefined'.
src/features/openscad-geometry-builder/test-utilities/geometry-assertions.ts(81,19): error TS18048: 'vertex' is possibly 'undefined'.
src/features/openscad-geometry-builder/test-utilities/geometry-assertions.ts(83,28): error TS18048: 'vertex' is possibly 'undefined'.
src/features/openscad-geometry-builder/test-utilities/geometry-assertions.ts(84,28): error TS18048: 'vertex' is possibly 'undefined'.
src/features/openscad-geometry-builder/test-utilities/geometry-assertions.ts(85,28): error TS18048: 'vertex' is possibly 'undefined'.
src/features/openscad-geometry-builder/test-utilities/geometry-assertions.ts(110,12): error TS18048: 'face' is possibly 'undefined'.
src/features/openscad-geometry-builder/test-utilities/geometry-assertions.ts(114,45): error TS18048: 'face' is possibly 'undefined'.
src/features/openscad-geometry-builder/test-utilities/geometry-assertions.ts(115,21): error TS18048: 'face' is possibly 'undefined'.
src/features/openscad-geometry-builder/test-utilities/geometry-assertions.ts(133,7): error TS18048: 'face' is possibly 'undefined'.
src/features/openscad-geometry-builder/test-utilities/geometry-assertions.ts(159,19): error TS18048: 'normal' is possibly 'undefined'.
src/features/openscad-geometry-builder/test-utilities/geometry-assertions.ts(160,19): error TS18048: 'normal' is possibly 'undefined'.
src/features/openscad-geometry-builder/test-utilities/geometry-assertions.ts(161,19): error TS18048: 'normal' is possibly 'undefined'.
src/features/openscad-geometry-builder/test-utilities/geometry-assertions.ts(163,28): error TS18048: 'normal' is possibly 'undefined'.
src/features/openscad-geometry-builder/test-utilities/geometry-assertions.ts(164,28): error TS18048: 'normal' is possibly 'undefined'.
src/features/openscad-geometry-builder/test-utilities/geometry-assertions.ts(165,28): error TS18048: 'normal' is possibly 'undefined'.
src/features/openscad-geometry-builder/test-utilities/geometry-assertions.ts(168,30): error TS18048: 'normal' is possibly 'undefined'.
src/features/openscad-geometry-builder/test-utilities/geometry-assertions.ts(168,41): error TS18048: 'normal' is possibly 'undefined'.
src/features/openscad-geometry-builder/test-utilities/geometry-assertions.ts(168,52): error TS18048: 'normal' is possibly 'undefined'.
src/features/openscad-geometry-builder/test-utilities/geometry-assertions.ts(168,63): error TS18048: 'normal' is possibly 'undefined'.
src/features/openscad-geometry-builder/test-utilities/geometry-assertions.ts(168,74): error TS18048: 'normal' is possibly 'undefined'.
src/features/openscad-geometry-builder/test-utilities/geometry-assertions.ts(168,85): error TS18048: 'normal' is possibly 'undefined'.
src/features/openscad-geometry-builder/test-utilities/geometry-assertions.ts(283,30): error TS2345: Argument of type 'Vector3 | undefined' is not assignable to parameter of type 'Vector3'.
  Type 'undefined' is not assignable to type 'Vector3'.
src/features/openscad-geometry-builder/test-utilities/result-assertions.ts(162,22): error TS2345: Argument of type 'Result<T, E> | undefined' is not assignable to parameter of type 'Result<T, E>'.
  Type 'undefined' is not assignable to type 'Result<T, E>'.
src/features/openscad-geometry-builder/test-utilities/result-assertions.ts(164,19): error TS2345: Argument of type 'Result<T, E> | undefined' is not assignable to parameter of type 'Result<T, E>'.
  Type 'undefined' is not assignable to type 'Result<T, E>'.
src/features/openscad-geometry-builder/test-utilities/result-assertions.ts(183,20): error TS2345: Argument of type 'Result<T, E> | undefined' is not assignable to parameter of type 'Result<T, E>'.
  Type 'undefined' is not assignable to type 'Result<T, E>'.
src/features/openscad-geometry-builder/test-utilities/result-assertions.ts(185,17): error TS2345: Argument of type 'Result<T, E> | undefined' is not assignable to parameter of type 'Result<T, E>'.
  Type 'undefined' is not assignable to type 'Result<T, E>'.
src/features/openscad-geometry-builder/types/2d-geometry-data.ts(194,27): error TS2538: Type 'undefined' cannot be used as an index type.
src/features/openscad-geometry-builder/types/2d-geometry-data.ts(195,27): error TS2538: Type 'undefined' cannot be used as an index type.
src/features/openscad-geometry-builder/types/2d-geometry-data.ts(209,27): error TS2538: Type 'undefined' cannot be used as an index type.
src/features/openscad-geometry-builder/types/2d-geometry-data.ts(210,27): error TS2538: Type 'undefined' cannot be used as an index type.
src/features/openscad-geometry-builder/types/2d-geometry-data.ts(211,27): error TS2538: Type 'undefined' cannot be used as an index type.
src/features/openscad-geometry-builder/types/import-parameters.ts(191,68): error TS2345: Argument of type 'string | undefined' is not assignable to parameter of type 'string'.
  Type 'undefined' is not assignable to type 'string'.
src/features/openscad-geometry-builder/types/import-parameters.ts(192,40): error TS2345: Argument of type 'string | undefined' is not assignable to parameter of type 'string'.
  Type 'undefined' is not assignable to type 'string'.
src/features/openscad-geometry-builder/types/import-parameters.ts(193,36): error TS2345: Argument of type 'string | undefined' is not assignable to parameter of type 'string'.
  Type 'undefined' is not assignable to type 'string'.
src/features/openscad-geometry-builder/types/import-parameters.ts(196,5): error TS2322: Type 'SupportedImportFormat | undefined' is not assignable to type 'SupportedImportFormat'.
  Type 'undefined' is not assignable to type 'SupportedImportFormat'.
src/features/openscad-geometry-builder/types/import-parameters.ts(200,38): error TS2538: Type 'undefined' cannot be used as an index type.
src/features/openscad-geometry-builder/types/import-parameters.ts(280,3): error TS2375: Type '{ file: string; convexity: number; center: boolean; scale: number; origin: readonly [number, number]; width: number | undefined; height: number | undefined; dpi: number; id: string | undefined; layer: string | undefined; fn: number; fa: number; fs: number; }' is not assignable to type 'NormalizedImportParameters' with 'exactOptionalPropertyTypes: true'. Consider adding 'undefined' to the types of the target's properties.
  Types of property 'width' are incompatible.
    Type 'number | undefined' is not assignable to type 'number'.
      Type 'undefined' is not assignable to type 'number'.
src/features/openscad-geometry-builder/types/index.ts(15,1): error TS2308: Module './primitive-parameters' has already exported a member named 'TextParameters'. Consider explicitly re-exporting to resolve the ambiguity.
src/features/openscad-geometry-builder/types/primitive-parameters.ts(329,9): error TS18048: 'params.fn' is possibly 'undefined'.
src/features/openscad-geometry-builder/types/primitive-parameters.ts(333,9): error TS18048: 'params.fs' is possibly 'undefined'.
src/features/openscad-geometry-builder/types/primitive-parameters.ts(337,9): error TS18048: 'params.fa' is possibly 'undefined'.
src/features/openscad-geometry-builder/types/primitive-parameters.ts(337,27): error TS18048: 'params.fa' is possibly 'undefined'.
src/features/openscad-geometry-builder/types/text-parameters.ts(105,14): error TS2322: Type 'string | undefined' is not assignable to type 'string'.
  Type 'undefined' is not assignable to type 'string'.
src/features/openscad-geometry-builder/utils/geometry-helpers/geometry-utilities.test.ts(140,23): error TS2339: Property 'customField' does not exist on type 'Readonly<{ primitiveType: string; parameters: Readonly<Record<string, unknown>>; generatedAt: number; isConvex: boolean; }>'.
src/features/openscad-geometry-builder/utils/geometry-helpers/geometry-utilities.test.ts(154,14): error TS2532: Object is possibly 'undefined'.
src/features/openscad-geometry-builder/utils/geometry-helpers/geometry-utilities.test.ts(155,14): error TS2532: Object is possibly 'undefined'.
src/features/openscad-geometry-builder/utils/geometry-helpers/geometry-utilities.test.ts(156,14): error TS2532: Object is possibly 'undefined'.
src/features/openscad-geometry-builder/utils/geometry-helpers/geometry-utilities.ts(164,3): error TS2322: Type 'Readonly<{ x: number | undefined; y: number | undefined; z: number | undefined; }>[]' is not assignable to type 'readonly Vector3[]'.
  Type 'Readonly<{ x: number | undefined; y: number | undefined; z: number | undefined; }>' is not assignable to type 'Vector3'.
    Types of property 'x' are incompatible.
      Type 'number | undefined' is not assignable to type 'number'.
        Type 'undefined' is not assignable to type 'number'.
src/features/openscad-geometry-builder/utils/geometry-helpers/geometry-utilities.ts(210,28): error TS2345: Argument of type 'Vector3 | undefined' is not assignable to parameter of type 'Vector3'.
  Type 'undefined' is not assignable to type 'Vector3'.
src/features/openscad-geometry-builder/utils/geometry-helpers/geometry-utilities.ts(211,28): error TS2345: Argument of type 'Vector3 | undefined' is not assignable to parameter of type 'Vector3'.
  Type 'undefined' is not assignable to type 'Vector3'.
src/features/openscad-geometry-builder/utils/geometry-helpers/geometry-utilities.ts(214,12): error TS2322: Type 'Vector3 | undefined' is not assignable to type 'Vector3'.
  Type 'undefined' is not assignable to type 'Vector3'.
src/features/openscad-geometry-builder/utils/geometry-helpers/geometry-utilities.ts(214,17): error TS2322: Type 'Vector3 | undefined' is not assignable to type 'Vector3'.
  Type 'undefined' is not assignable to type 'Vector3'.
src/features/openscad-geometry-builder/utils/math-helpers/trigonometry.test.ts(183,14): error TS2532: Object is possibly 'undefined'.
src/features/openscad-geometry-builder/utils/math-helpers/trigonometry.test.ts(184,14): error TS2532: Object is possibly 'undefined'.
src/features/openscad-geometry-builder/utils/math-helpers/trigonometry.test.ts(187,14): error TS2532: Object is possibly 'undefined'.
src/features/openscad-geometry-builder/utils/math-helpers/trigonometry.test.ts(188,14): error TS2532: Object is possibly 'undefined'.
src/features/openscad-geometry-builder/utils/math-helpers/trigonometry.test.ts(191,14): error TS2532: Object is possibly 'undefined'.
src/features/openscad-geometry-builder/utils/math-helpers/trigonometry.test.ts(192,14): error TS2532: Object is possibly 'undefined'.
src/features/openscad-geometry-builder/utils/math-helpers/trigonometry.test.ts(211,14): error TS2532: Object is possibly 'undefined'.
src/features/openscad-geometry-builder/utils/math-helpers/trigonometry.test.ts(212,14): error TS2532: Object is possibly 'undefined'.
src/features/openscad-geometry-builder/utils/math-helpers/trigonometry.test.ts(213,14): error TS2532: Object is possibly 'undefined'.
src/features/openscad-geometry-builder/utils/math-helpers/trigonometry.test.ts(216,14): error TS2532: Object is possibly 'undefined'.
src/features/openscad-geometry-builder/utils/math-helpers/trigonometry.test.ts(217,14): error TS2532: Object is possibly 'undefined'.
src/features/openscad-geometry-builder/utils/math-helpers/trigonometry.test.ts(218,14): error TS2532: Object is possibly 'undefined'.
src/features/openscad-integration/ast-processing/ast-processing-utilities.test.ts(32,3): error TS2353: Object literal may only specify known properties, and 'parameters' does not exist in type 'BaseNode | CubeNode'.
src/features/openscad-integration/ast-processing/ast-processing-utilities.test.ts(45,3): error TS2353: Object literal may only specify known properties, and 'parameters' does not exist in type 'BaseNode | TranslateNode'.
src/features/openscad-integration/ast-processing/ast-processing-utilities.test.ts(65,7): error TS2322: Type '{ type: "union"; location: { start: { line: number; column: number; offset: number; }; end: { line: number; column: number; offset: number; }; text: string; }; children: (BaseNode | { type: "sphere"; location: { start: { line: number; column: number; offset: number; }; end: { line: number; column: number; offset: number; }; text: string; }; parameters: { name: string; value: number; }[]; })[]; }' is not assignable to type 'ASTNode'.
  Types of property 'children' are incompatible.
    Type '(BaseNode | { type: "sphere"; location: { start: { line: number; column: number; offset: number; }; end: { line: number; column: number; offset: number; }; text: string; }; parameters: { name: string; value: number; }[]; })[]' is not assignable to type 'ASTNode[]'.
      Type 'BaseNode | { type: "sphere"; location: { start: { line: number; column: number; offset: number; }; end: { line: number; column: number; offset: number; }; text: string; }; parameters: { name: string; value: number; }[]; }' is not assignable to type 'ASTNode' with 'exactOptionalPropertyTypes: true'. Consider adding 'undefined' to the types of the target's properties.
        Object literal may only specify known properties, and 'parameters' does not exist in type 'BaseNode | SphereNode'.
src/features/openscad-integration/ast-processing/ast-processing-utilities.test.ts(83,21): error TS2339: Property 'data' does not exist on type 'Result<ProcessedASTNode, Error>'.
  Property 'data' does not exist on type '{ readonly success: false; readonly error: Error; }'.
src/features/openscad-integration/ast-processing/ast-processing-utilities.test.ts(84,21): error TS2339: Property 'data' does not exist on type 'Result<ProcessedASTNode, Error>'.
  Property 'data' does not exist on type '{ readonly success: false; readonly error: Error; }'.
src/features/openscad-integration/ast-processing/ast-processing-utilities.test.ts(85,21): error TS2339: Property 'data' does not exist on type 'Result<ProcessedASTNode, Error>'.
  Property 'data' does not exist on type '{ readonly success: false; readonly error: Error; }'.
src/features/openscad-integration/ast-processing/ast-processing-utilities.test.ts(93,21): error TS2339: Property 'data' does not exist on type 'Result<ProcessedASTNode, Error>'.
  Property 'data' does not exist on type '{ readonly success: false; readonly error: Error; }'.
src/features/openscad-integration/ast-processing/ast-processing-utilities.test.ts(94,21): error TS2339: Property 'data' does not exist on type 'Result<ProcessedASTNode, Error>'.
  Property 'data' does not exist on type '{ readonly success: false; readonly error: Error; }'.
src/features/openscad-integration/ast-processing/ast-processing-utilities.test.ts(95,21): error TS2339: Property 'data' does not exist on type 'Result<ProcessedASTNode, Error>'.
  Property 'data' does not exist on type '{ readonly success: false; readonly error: Error; }'.
src/features/openscad-integration/ast-processing/ast-processing-utilities.test.ts(103,21): error TS2339: Property 'data' does not exist on type 'Result<ProcessedASTNode, Error>'.
  Property 'data' does not exist on type '{ readonly success: false; readonly error: Error; }'.
src/features/openscad-integration/ast-processing/ast-processing-utilities.test.ts(104,21): error TS2339: Property 'data' does not exist on type 'Result<ProcessedASTNode, Error>'.
  Property 'data' does not exist on type '{ readonly success: false; readonly error: Error; }'.
src/features/openscad-integration/ast-processing/ast-processing-utilities.test.ts(105,21): error TS2339: Property 'data' does not exist on type 'Result<ProcessedASTNode, Error>'.
  Property 'data' does not exist on type '{ readonly success: false; readonly error: Error; }'.
src/features/openscad-integration/ast-processing/ast-processing-utilities.test.ts(120,21): error TS2339: Property 'error' does not exist on type 'Result<ProcessedASTNode, Error>'.
  Property 'error' does not exist on type '{ readonly success: true; readonly data: ProcessedASTNode; }'.
src/features/openscad-integration/ast-processing/ast-processing-utilities.test.ts(185,21): error TS2339: Property 'data' does not exist on type 'Result<PipelineProcessingResult, Error>'.
  Property 'data' does not exist on type '{ readonly success: false; readonly error: Error; }'.
src/features/openscad-integration/ast-processing/ast-processing-utilities.test.ts(186,21): error TS2339: Property 'data' does not exist on type 'Result<PipelineProcessingResult, Error>'.
  Property 'data' does not exist on type '{ readonly success: false; readonly error: Error; }'.
src/features/openscad-integration/ast-processing/ast-processing-utilities.test.ts(194,21): error TS2339: Property 'data' does not exist on type 'Result<PipelineProcessingResult, Error>'.
  Property 'data' does not exist on type '{ readonly success: false; readonly error: Error; }'.
src/features/openscad-integration/ast-processing/ast-processing-utilities.test.ts(195,21): error TS2339: Property 'data' does not exist on type 'Result<PipelineProcessingResult, Error>'.
  Property 'data' does not exist on type '{ readonly success: false; readonly error: Error; }'.
src/features/openscad-integration/ast-processing/ast-processing-utilities.test.ts(203,21): error TS2339: Property 'error' does not exist on type 'Result<PipelineProcessingResult, Error>'.
  Property 'error' does not exist on type '{ readonly success: true; readonly data: PipelineProcessingResult; }'.
src/features/openscad-integration/ast-processing/ast-processing-utilities.test.ts(212,21): error TS2339: Property 'data' does not exist on type 'Result<PipelineProcessingResult, Error>'.
  Property 'data' does not exist on type '{ readonly success: false; readonly error: Error; }'.
src/features/openscad-integration/ast-processing/ast-processing-utilities.test.ts(219,21): error TS2339: Property 'data' does not exist on type 'Result<PipelineProcessingResult, Error>'.
  Property 'data' does not exist on type '{ readonly success: false; readonly error: Error; }'.
src/features/openscad-integration/ast-processing/ast-processing-utilities.test.ts(226,21): error TS2339: Property 'data' does not exist on type 'Result<PipelineProcessingResult, Error>'.
  Property 'data' does not exist on type '{ readonly success: false; readonly error: Error; }'.
src/features/openscad-integration/ast-processing/ast-processing-utilities.test.ts(299,14): error TS2339: Property 'parameters' does not exist on type 'ASTNode'.
  Property 'parameters' does not exist on type 'BaseNode'.
src/features/openscad-integration/ast-processing/ast-processing-utilities.test.ts(299,32): error TS7006: Parameter 'p' implicitly has an 'any' type.
src/features/openscad-integration/ast-processing/ast-processing-utilities.test.ts(389,21): error TS2339: Property 'data' does not exist on type 'Result<ProcessedASTNode, Error>'.
  Property 'data' does not exist on type '{ readonly success: false; readonly error: Error; }'.
src/features/openscad-integration/ast-processing/ast-processing-utilities.ts(167,13): error TS2375: Type '{ originalNode: ASTNode; nodeType: "primitive" | "transformation" | "csg_operation" | "control_flow"; parameters: Record<string, unknown>; children: ProcessedASTNode[] | undefined; processingMetadata: { processingTime: number; memoryUsage: number; validationPassed: true; }; }' is not assignable to type 'ProcessedASTNode' with 'exactOptionalPropertyTypes: true'. Consider adding 'undefined' to the types of the target's properties.
  Types of property 'children' are incompatible.
    Type 'ProcessedASTNode[] | undefined' is not assignable to type 'ProcessedASTNode[]'.
      Type 'undefined' is not assignable to type 'ProcessedASTNode[]'.
src/features/openscad-integration/ast-processing/ast-processing-utilities.ts(435,37): error TS2345: Argument of type 'number | undefined' is not assignable to parameter of type 'number'.
  Type 'undefined' is not assignable to type 'number'.
src/features/openscad-integration/module-system/module-system-utilities.test.ts(33,5): error TS2322: Type '"identifier"' is not assignable to type '"expression"'.
src/features/openscad-integration/module-system/module-system-utilities.test.ts(42,21): error TS2322: Type 'number' is not assignable to type 'ASTNode'.
src/features/openscad-integration/module-system/module-system-utilities.test.ts(43,23): error TS2322: Type 'boolean' is not assignable to type 'ASTNode'.
src/features/openscad-integration/module-system/module-system-utilities.test.ts(53,7): error TS2353: Object literal may only specify known properties, and 'parameters' does not exist in type 'BaseNode | CubeNode'.
src/features/openscad-integration/module-system/module-system-utilities.test.ts(81,3): error TS2353: Object literal may only specify known properties, and 'condition' does not exist in type 'BaseNode'.
src/features/openscad-integration/module-system/module-system-utilities.test.ts(119,21): error TS2339: Property 'data' does not exist on type 'Result<ProcessedModuleDefinition, Error>'.
  Property 'data' does not exist on type '{ readonly success: false; readonly error: Error; }'.
src/features/openscad-integration/module-system/module-system-utilities.test.ts(120,21): error TS2339: Property 'data' does not exist on type 'Result<ProcessedModuleDefinition, Error>'.
  Property 'data' does not exist on type '{ readonly success: false; readonly error: Error; }'.
src/features/openscad-integration/module-system/module-system-utilities.test.ts(121,21): error TS2339: Property 'data' does not exist on type 'Result<ProcessedModuleDefinition, Error>'.
  Property 'data' does not exist on type '{ readonly success: false; readonly error: Error; }'.
src/features/openscad-integration/module-system/module-system-utilities.test.ts(122,21): error TS2339: Property 'data' does not exist on type 'Result<ProcessedModuleDefinition, Error>'.
  Property 'data' does not exist on type '{ readonly success: false; readonly error: Error; }'.
src/features/openscad-integration/module-system/module-system-utilities.test.ts(130,21): error TS2339: Property 'error' does not exist on type 'Result<ProcessedModuleDefinition, Error>'.
  Property 'error' does not exist on type '{ readonly success: true; readonly data: ProcessedModuleDefinition; }'.
src/features/openscad-integration/module-system/module-system-utilities.test.ts(138,21): error TS2339: Property 'data' does not exist on type 'Result<ProcessedModuleDefinition, Error>'.
  Property 'data' does not exist on type '{ readonly success: false; readonly error: Error; }'.
src/features/openscad-integration/module-system/module-system-utilities.test.ts(139,21): error TS2339: Property 'data' does not exist on type 'Result<ProcessedModuleDefinition, Error>'.
  Property 'data' does not exist on type '{ readonly success: false; readonly error: Error; }'.
src/features/openscad-integration/module-system/module-system-utilities.test.ts(140,21): error TS2339: Property 'data' does not exist on type 'Result<ProcessedModuleDefinition, Error>'.
  Property 'data' does not exist on type '{ readonly success: false; readonly error: Error; }'.
src/features/openscad-integration/module-system/module-system-utilities.test.ts(141,21): error TS2339: Property 'data' does not exist on type 'Result<ProcessedModuleDefinition, Error>'.
  Property 'data' does not exist on type '{ readonly success: false; readonly error: Error; }'.
src/features/openscad-integration/module-system/module-system-utilities.test.ts(151,21): error TS2339: Property 'data' does not exist on type 'Result<ProcessedModuleCall, Error>'.
  Property 'data' does not exist on type '{ readonly success: false; readonly error: Error; }'.
src/features/openscad-integration/module-system/module-system-utilities.test.ts(152,21): error TS2339: Property 'data' does not exist on type 'Result<ProcessedModuleCall, Error>'.
  Property 'data' does not exist on type '{ readonly success: false; readonly error: Error; }'.
src/features/openscad-integration/module-system/module-system-utilities.test.ts(153,21): error TS2339: Property 'data' does not exist on type 'Result<ProcessedModuleCall, Error>'.
  Property 'data' does not exist on type '{ readonly success: false; readonly error: Error; }'.
src/features/openscad-integration/module-system/module-system-utilities.test.ts(161,21): error TS2339: Property 'data' does not exist on type 'Result<ProcessedModuleCall, Error>'.
  Property 'data' does not exist on type '{ readonly success: false; readonly error: Error; }'.
src/features/openscad-integration/module-system/module-system-utilities.test.ts(162,21): error TS2339: Property 'data' does not exist on type 'Result<ProcessedModuleCall, Error>'.
  Property 'data' does not exist on type '{ readonly success: false; readonly error: Error; }'.
src/features/openscad-integration/module-system/module-system-utilities.test.ts(163,21): error TS2339: Property 'data' does not exist on type 'Result<ProcessedModuleCall, Error>'.
  Property 'data' does not exist on type '{ readonly success: false; readonly error: Error; }'.
src/features/openscad-integration/module-system/module-system-utilities.test.ts(164,21): error TS2339: Property 'data' does not exist on type 'Result<ProcessedModuleCall, Error>'.
  Property 'data' does not exist on type '{ readonly success: false; readonly error: Error; }'.
src/features/openscad-integration/module-system/module-system-utilities.test.ts(172,21): error TS2339: Property 'data' does not exist on type 'Result<ProcessedModuleCall, Error>'.
  Property 'data' does not exist on type '{ readonly success: false; readonly error: Error; }'.
src/features/openscad-integration/module-system/module-system-utilities.test.ts(278,21): error TS2339: Property 'data' does not exist on type 'Result<ConditionalProcessingResult, Error>'.
  Property 'data' does not exist on type '{ readonly success: false; readonly error: Error; }'.
src/features/openscad-integration/module-system/module-system-utilities.test.ts(279,21): error TS2339: Property 'data' does not exist on type 'Result<ConditionalProcessingResult, Error>'.
  Property 'data' does not exist on type '{ readonly success: false; readonly error: Error; }'.
src/features/openscad-integration/module-system/module-system-utilities.test.ts(280,21): error TS2339: Property 'data' does not exist on type 'Result<ConditionalProcessingResult, Error>'.
  Property 'data' does not exist on type '{ readonly success: false; readonly error: Error; }'.
src/features/openscad-integration/module-system/module-system-utilities.test.ts(281,21): error TS2339: Property 'data' does not exist on type 'Result<ConditionalProcessingResult, Error>'.
  Property 'data' does not exist on type '{ readonly success: false; readonly error: Error; }'.
src/features/openscad-integration/module-system/module-system-utilities.test.ts(291,21): error TS2339: Property 'data' does not exist on type 'Result<ConditionalProcessingResult, Error>'.
  Property 'data' does not exist on type '{ readonly success: false; readonly error: Error; }'.
src/features/openscad-integration/module-system/module-system-utilities.test.ts(292,21): error TS2339: Property 'data' does not exist on type 'Result<ConditionalProcessingResult, Error>'.
  Property 'data' does not exist on type '{ readonly success: false; readonly error: Error; }'.
src/features/openscad-integration/module-system/module-system-utilities.test.ts(293,21): error TS2339: Property 'data' does not exist on type 'Result<ConditionalProcessingResult, Error>'.
  Property 'data' does not exist on type '{ readonly success: false; readonly error: Error; }'.
src/features/openscad-integration/module-system/module-system-utilities.test.ts(294,21): error TS2339: Property 'data' does not exist on type 'Result<ConditionalProcessingResult, Error>'.
  Property 'data' does not exist on type '{ readonly success: false; readonly error: Error; }'.
src/features/openscad-integration/module-system/module-system-utilities.test.ts(304,21): error TS2339: Property 'error' does not exist on type 'Result<ConditionalProcessingResult, Error>'.
  Property 'error' does not exist on type '{ readonly success: true; readonly data: ConditionalProcessingResult; }'.
src/features/openscad-integration/module-system/module-system-utilities.test.ts(409,14): error TS2532: Object is possibly 'undefined'.
src/features/openscad-integration/module-system/module-system-utilities.test.ts(421,21): error TS2339: Property 'data' does not exist on type 'Result<ProcessedModuleDefinition, Error>'.
  Property 'data' does not exist on type '{ readonly success: false; readonly error: Error; }'.
src/features/openscad-integration/module-system/module-system-utilities.test.ts(431,21): error TS2339: Property 'data' does not exist on type 'Result<ProcessedModuleCall, Error>'.
  Property 'data' does not exist on type '{ readonly success: false; readonly error: Error; }'.
src/features/openscad-integration/module-system/module-system-utilities.test.ts(452,21): error TS2339: Property 'data' does not exist on type 'Result<ConditionalProcessingResult, Error>'.
  Property 'data' does not exist on type '{ readonly success: false; readonly error: Error; }'.
src/features/openscad-integration/module-system/module-system-utilities.ts(148,42): error TS2312: An interface can only extend an object type or intersection of object types with statically known members.
src/features/openscad-integration/module-system/module-system-utilities.ts(274,9): error TS2322: Type 'string | IdentifierNode' is not assignable to type 'string'.
  Type 'IdentifierNode' is not assignable to type 'string'.
src/features/openscad-integration/module-system/module-system-utilities.ts(318,5): error TS2322: Type 'string | false | IdentifierNode' is not assignable to type 'boolean'.
  Type 'string' is not assignable to type 'boolean'.
src/features/openscad-integration/module-system/module-system-utilities.ts(349,5): error TS2322: Type '{ name: string | undefined; value: ParameterValue; }[]' is not assignable to type 'ModuleArgument[]'.
  Type '{ name: string | undefined; value: ParameterValue; }' is not assignable to type 'ModuleArgument'.
    Types of property 'name' are incompatible.
      Type 'string | undefined' is not assignable to type 'string'.
        Type 'undefined' is not assignable to type 'string'.
src/features/openscad-integration/module-system/module-system-utilities.ts(368,5): error TS2375: Type '{ scopeId: string; variables: Map<string, unknown>; parentScope: VariableScope | undefined; }' is not assignable to type 'VariableScope' with 'exactOptionalPropertyTypes: true'. Consider adding 'undefined' to the types of the target's properties.
  Types of property 'parentScope' are incompatible.
    Type 'VariableScope | undefined' is not assignable to type 'VariableScope'.
      Type 'undefined' is not assignable to type 'VariableScope'.
src/features/openscad-integration/parser-integration/parser-integration-utilities.test.ts(92,21): error TS2339: Property 'error' does not exist on type 'Result<void, Error>'.
  Property 'error' does not exist on type '{ readonly success: true; readonly data: void; }'.
src/features/openscad-integration/parser-integration/parser-integration-utilities.test.ts(117,21): error TS2339: Property 'data' does not exist on type 'Result<ProcessingResult, IntegrationError>'.
  Property 'data' does not exist on type '{ readonly success: false; readonly error: IntegrationError; }'.
src/features/openscad-integration/parser-integration/parser-integration-utilities.test.ts(118,21): error TS2339: Property 'data' does not exist on type 'Result<ProcessingResult, IntegrationError>'.
  Property 'data' does not exist on type '{ readonly success: false; readonly error: IntegrationError; }'.
src/features/openscad-integration/parser-integration/parser-integration-utilities.test.ts(119,21): error TS2339: Property 'data' does not exist on type 'Result<ProcessingResult, IntegrationError>'.
  Property 'data' does not exist on type '{ readonly success: false; readonly error: IntegrationError; }'.
src/features/openscad-integration/parser-integration/parser-integration-utilities.test.ts(120,21): error TS2339: Property 'data' does not exist on type 'Result<ProcessingResult, IntegrationError>'.
  Property 'data' does not exist on type '{ readonly success: false; readonly error: IntegrationError; }'.
src/features/openscad-integration/parser-integration/parser-integration-utilities.test.ts(121,21): error TS2339: Property 'data' does not exist on type 'Result<ProcessingResult, IntegrationError>'.
  Property 'data' does not exist on type '{ readonly success: false; readonly error: IntegrationError; }'.
src/features/openscad-integration/parser-integration/parser-integration-utilities.test.ts(128,21): error TS2339: Property 'data' does not exist on type 'Result<ProcessingResult, IntegrationError>'.
  Property 'data' does not exist on type '{ readonly success: false; readonly error: IntegrationError; }'.
src/features/openscad-integration/parser-integration/parser-integration-utilities.test.ts(129,21): error TS2339: Property 'data' does not exist on type 'Result<ProcessingResult, IntegrationError>'.
  Property 'data' does not exist on type '{ readonly success: false; readonly error: IntegrationError; }'.
src/features/openscad-integration/parser-integration/parser-integration-utilities.test.ts(136,21): error TS2339: Property 'data' does not exist on type 'Result<ProcessingResult, IntegrationError>'.
  Property 'data' does not exist on type '{ readonly success: false; readonly error: IntegrationError; }'.
src/features/openscad-integration/parser-integration/parser-integration-utilities.test.ts(137,21): error TS2339: Property 'data' does not exist on type 'Result<ProcessingResult, IntegrationError>'.
  Property 'data' does not exist on type '{ readonly success: false; readonly error: IntegrationError; }'.
src/features/openscad-integration/parser-integration/parser-integration-utilities.test.ts(144,21): error TS2339: Property 'data' does not exist on type 'Result<ProcessingResult, IntegrationError>'.
  Property 'data' does not exist on type '{ readonly success: false; readonly error: IntegrationError; }'.
src/features/openscad-integration/parser-integration/parser-integration-utilities.test.ts(145,21): error TS2339: Property 'data' does not exist on type 'Result<ProcessingResult, IntegrationError>'.
  Property 'data' does not exist on type '{ readonly success: false; readonly error: IntegrationError; }'.
src/features/openscad-integration/parser-integration/parser-integration-utilities.test.ts(146,21): error TS2339: Property 'data' does not exist on type 'Result<ProcessingResult, IntegrationError>'.
  Property 'data' does not exist on type '{ readonly success: false; readonly error: IntegrationError; }'.
src/features/openscad-integration/parser-integration/parser-integration-utilities.test.ts(154,21): error TS2339: Property 'error' does not exist on type 'Result<ProcessingResult, IntegrationError>'.
  Property 'error' does not exist on type '{ readonly success: true; readonly data: ProcessingResult; }'.
src/features/openscad-integration/parser-integration/parser-integration-utilities.test.ts(161,21): error TS2339: Property 'data' does not exist on type 'Result<ProcessingResult, IntegrationError>'.
  Property 'data' does not exist on type '{ readonly success: false; readonly error: IntegrationError; }'.
src/features/openscad-integration/parser-integration/parser-integration-utilities.test.ts(174,21): error TS2339: Property 'data' does not exist on type 'Result<ProcessingResult, IntegrationError>'.
  Property 'data' does not exist on type '{ readonly success: false; readonly error: IntegrationError; }'.
src/features/openscad-integration/parser-integration/parser-integration-utilities.test.ts(175,21): error TS2339: Property 'data' does not exist on type 'Result<ProcessingResult, IntegrationError>'.
  Property 'data' does not exist on type '{ readonly success: false; readonly error: IntegrationError; }'.
src/features/openscad-integration/parser-integration/parser-integration-utilities.test.ts(182,21): error TS2339: Property 'data' does not exist on type 'Result<ProcessingResult, IntegrationError>'.
  Property 'data' does not exist on type '{ readonly success: false; readonly error: IntegrationError; }'.
src/features/openscad-integration/parser-integration/parser-integration-utilities.test.ts(183,21): error TS2339: Property 'data' does not exist on type 'Result<ProcessingResult, IntegrationError>'.
  Property 'data' does not exist on type '{ readonly success: false; readonly error: IntegrationError; }'.
src/features/openscad-integration/parser-integration/parser-integration-utilities.test.ts(184,21): error TS2339: Property 'data' does not exist on type 'Result<ProcessingResult, IntegrationError>'.
  Property 'data' does not exist on type '{ readonly success: false; readonly error: IntegrationError; }'.
src/features/openscad-integration/parser-integration/parser-integration-utilities.test.ts(185,21): error TS2339: Property 'data' does not exist on type 'Result<ProcessingResult, IntegrationError>'.
  Property 'data' does not exist on type '{ readonly success: false; readonly error: IntegrationError; }'.
src/features/openscad-integration/parser-integration/parser-integration-utilities.test.ts(199,21): error TS2339: Property 'error' does not exist on type 'Result<ProcessingResult, IntegrationError>'.
  Property 'error' does not exist on type '{ readonly success: true; readonly data: ProcessingResult; }'.
src/features/openscad-integration/parser-integration/parser-integration-utilities.test.ts(200,21): error TS2339: Property 'error' does not exist on type 'Result<ProcessingResult, IntegrationError>'.
  Property 'error' does not exist on type '{ readonly success: true; readonly data: ProcessingResult; }'.
src/features/openscad-integration/parser-integration/parser-integration-utilities.test.ts(201,21): error TS2339: Property 'error' does not exist on type 'Result<ProcessingResult, IntegrationError>'.
  Property 'error' does not exist on type '{ readonly success: true; readonly data: ProcessingResult; }'.
src/features/openscad-integration/parser-integration/parser-integration-utilities.test.ts(209,21): error TS2339: Property 'error' does not exist on type 'Result<ProcessingResult, IntegrationError>'.
  Property 'error' does not exist on type '{ readonly success: true; readonly data: ProcessingResult; }'.
src/features/openscad-integration/parser-integration/parser-integration-utilities.test.ts(210,21): error TS2339: Property 'error' does not exist on type 'Result<ProcessingResult, IntegrationError>'.
  Property 'error' does not exist on type '{ readonly success: true; readonly data: ProcessingResult; }'.
src/features/openscad-integration/parser-integration/parser-integration-utilities.test.ts(229,21): error TS2339: Property 'data' does not exist on type 'Result<ProcessingResult, IntegrationError>'.
  Property 'data' does not exist on type '{ readonly success: false; readonly error: IntegrationError; }'.
src/features/openscad-integration/parser-integration/parser-integration-utilities.test.ts(285,14): error TS2532: Object is possibly 'undefined'.
src/features/openscad-integration/parser-integration/parser-integration-utilities.test.ts(356,21): error TS2339: Property 'data' does not exist on type 'Result<GeometryGenerationResult, Error>'.
  Property 'data' does not exist on type '{ readonly success: false; readonly error: Error; }'.
src/features/openscad-integration/parser-integration/parser-integration-utilities.test.ts(357,21): error TS2339: Property 'data' does not exist on type 'Result<GeometryGenerationResult, Error>'.
  Property 'data' does not exist on type '{ readonly success: false; readonly error: Error; }'.
src/features/openscad-integration/parser-integration/parser-integration-utilities.test.ts(364,21): error TS2339: Property 'data' does not exist on type 'Result<GeometryGenerationResult, Error>'.
  Property 'data' does not exist on type '{ readonly success: false; readonly error: Error; }'.
src/features/openscad-integration/parser-integration/parser-integration-utilities.test.ts(373,21): error TS2339: Property 'error' does not exist on type 'Result<GeometryGenerationResult, Error>'.
  Property 'error' does not exist on type '{ readonly success: true; readonly data: GeometryGenerationResult; }'.
src/features/openscad-integration/parser-integration/parser-integration-utilities.test.ts(390,21): error TS2339: Property 'data' does not exist on type 'Result<ProcessingResult, IntegrationError>'.
  Property 'data' does not exist on type '{ readonly success: false; readonly error: IntegrationError; }'.
src/features/openscad-integration/parser-integration/parser-integration-utilities.ts(370,25): error TS2352: Conversion of type '{ type: "cube"; parameters: { name: string; value: number[]; }[]; }[]' to type 'ASTNode[]' may be a mistake because neither type sufficiently overlaps with the other. If this was intentional, convert the expression to 'unknown' first.
  Object literal may only specify known properties, and 'parameters' does not exist in type 'BaseNode | CubeNode'.
src/features/openscad-integration/parser-integration/parser-integration-utilities.ts(407,25): error TS2352: Conversion of type '{ type: "cube"; parameters: { name: string; value: number[]; }[]; }[]' to type 'ASTNode[]' may be a mistake because neither type sufficiently overlaps with the other. If this was intentional, convert the expression to 'unknown' first.
  Object literal may only specify known properties, and 'parameters' does not exist in type 'BaseNode | CubeNode'.
src/features/openscad-parser/ast/visitors/module-visitor.ts(476,7): error TS2322: Type 'number[]' is not assignable to type 'string | number | boolean'.
src/features/openscad-parser/ast/visitors/module-visitor.ts(512,11): error TS2739: Type 'number[]' is missing the following properties from type 'ExpressionNode': type, expressionType
src/features/openscad-parser/ast/visitors/module-visitor.ts(525,75): error TS2339: Property 'type' does not exist on type 'never'.
src/features/openscad-parser/ast/visitors/module-visitor.ts(530,13): error TS2739: Type 'number[]' is missing the following properties from type 'ExpressionNode': type, expressionType
src/features/openscad-parser/ast/visitors/module-visitor.ts(542,13): error TS2739: Type 'number[]' is missing the following properties from type 'ExpressionNode': type, expressionType
src/features/openscad-parser/ast/visitors/module-visitor.ts(554,9): error TS2739: Type 'number[]' is missing the following properties from type 'ExpressionNode': type, expressionType
src/features/openscad-parser/ast/visitors/module-visitor.ts(579,7): error TS2322: Type 'ExpressionNode' is not assignable to type 'VectorExpressionNode | number[]'.
  Property 'elements' is missing in type 'ExpressionNode' but required in type 'VectorExpressionNode'.
src/features/openscad-parser/ast/visitors/module-visitor.ts(607,68): error TS2339: Property 'expressionType' does not exist on type 'Vector3D | Vector2D | ExpressionNode | ErrorNode'.
  Property 'expressionType' does not exist on type 'Vector3D'.
src/features/openscad-parser/ast/visitors/module-visitor.ts(608,9): error TS2322: Type 'Vector3D | Vector2D | ExpressionNode | ErrorNode' is not assignable to type 'number | ExpressionNode'.
  Type 'Vector3D' is not assignable to type 'number | ExpressionNode'.
src/features/openscad-parser/ast/visitors/module-visitor.ts(615,11): error TS2322: Type 'number[]' is not assignable to type 'string | number | boolean | undefined'.
src/features/openscad-parser/ast/visitors/module-visitor.ts(624,20): error TS2339: Property 'expressionType' does not exist on type 'Vector3D | Vector2D | ExpressionNode | ErrorNode'.
  Property 'expressionType' does not exist on type 'Vector3D'.
src/features/openscad-parser/ast/visitors/module-visitor.ts(626,7): error TS2322: Type 'Vector3D | Vector2D | ExpressionNode | ErrorNode' is not assignable to type 'ExpressionNode | undefined'.
  Type 'Vector3D' is not assignable to type 'ExpressionNode'.
src/features/openscad-parser/ast/visitors/module-visitor.ts(631,7): error TS2322: Type 'number[]' is not assignable to type 'number | ExpressionNode'.
src/features/openscad-parser/ast/visitors/module-visitor.ts(633,7): error TS2322: Type 'number[]' is not assignable to type 'number | ExpressionNode'.
src/features/openscad-parser/ast/visitors/module-visitor.ts(636,7): error TS2739: Type 'number[]' is missing the following properties from type 'ExpressionNode': type, expressionType
src/features/openscad-parser/ast/visitors/module-visitor.ts(640,9): error TS2739: Type 'number[]' is missing the following properties from type 'ExpressionNode': type, expressionType
src/features/openscad-parser/ast/visitors/module-visitor.ts(645,9): error TS2739: Type 'number[]' is missing the following properties from type 'ExpressionNode': type, expressionType
src/features/openscad-parser/ast/visitors/module-visitor.ts(650,7): error TS2322: Type 'ExpressionNode | { type: "expression"; expressionType: string; value: number[]; location: SourceLocation; }' is not assignable to type 'number[]'.
  Type 'ExpressionNode' is missing the following properties from type 'number[]': length, pop, push, concat, and 29 more.
src/features/openscad-parser/ast/visitors/module-visitor.ts(689,7): error TS2322: Type 'number[]' is not assignable to type 'string | number | boolean'.
src/features/openscad-parser/ast/visitors/module-visitor.ts(698,27): error TS2339: Property 'type' does not exist on type 'Vector3D | Vector2D | ExpressionNode | ErrorNode'.
  Property 'type' does not exist on type 'Vector3D'.
src/features/openscad-parser/ast/visitors/module-visitor.ts(699,27): error TS2339: Property 'expressionType' does not exist on type 'Vector3D | Vector2D | ExpressionNode | ErrorNode'.
  Property 'expressionType' does not exist on type 'Vector3D'.
src/features/openscad-parser/ast/visitors/module-visitor.ts(701,9): error TS2322: Type 'Vector3D | Vector2D | ExpressionNode | ErrorNode' is not assignable to type 'ExpressionNode'.
  Type 'Vector3D' is not assignable to type 'ExpressionNode'.
src/features/openscad-parser/ast/visitors/module-visitor.ts(705,11): error TS2322: Type 'number[]' is not assignable to type 'string | number | boolean'.
src/features/openscad-parser/ast/visitors/module-visitor.ts(708,11): error TS2322: Type 'number[]' is not assignable to type 'string | number | boolean'.
src/features/openscad-parser/ast/visitors/module-visitor.ts(712,9): error TS2322: Type 'number[]' is not assignable to type 'string | number | boolean'.
src/features/openscad-parser/ast/visitors/module-visitor.ts(718,7): error TS2322: Type 'number[]' is not assignable to type 'string | number | boolean'.
src/features/openscad-parser/ast/visitors/module-visitor.ts(720,7): error TS2322: Type 'number[]' is not assignable to type 'string | number | boolean'.
src/features/openscad-parser/ast/visitors/module-visitor.ts(722,7): error TS2322: Type 'number[]' is not assignable to type 'string | number | boolean'.
src/features/openscad-parser/ast/visitors/module-visitor.ts(724,7): error TS2322: Type 'number[]' is not assignable to type 'string | number | boolean'.
src/features/openscad-parser/ast/visitors/module-visitor.ts(726,7): error TS2322: Type 'number[]' is not assignable to type 'string | number | boolean'.
src/features/openscad-parser/ast/visitors/module-visitor.ts(730,7): error TS2740: Type 'ExpressionNode' is missing the following properties from type 'number[]': length, pop, push, concat, and 29 more.
src/features/openscad-parser/ast/visitors/module-visitor.ts(753,7): error TS2322: Type 'number[]' is not assignable to type 'string | number | boolean'.
src/features/openscad-parser/ast/visitors/module-visitor.ts(762,22): error TS2339: Property 'type' does not exist on type 'Vector3D | Vector2D | ExpressionNode | ErrorNode'.
  Property 'type' does not exist on type 'Vector3D'.
src/features/openscad-parser/ast/visitors/module-visitor.ts(763,22): error TS2339: Property 'expressionType' does not exist on type 'Vector3D | Vector2D | ExpressionNode | ErrorNode'.
  Property 'expressionType' does not exist on type 'Vector3D'.
src/features/openscad-parser/ast/visitors/module-visitor.ts(765,9): error TS2322: Type 'Vector3D | Vector2D | ExpressionNode | ErrorNode' is not assignable to type 'ExpressionNode'.
  Type 'Vector3D' is not assignable to type 'ExpressionNode'.
src/features/openscad-parser/ast/visitors/module-visitor.ts(767,9): error TS2322: Type 'Vector3D | Vector2D' is not assignable to type 'string | number | boolean'.
  Type 'Vector3D' is not assignable to type 'string | number | boolean'.
src/features/openscad-parser/ast/visitors/module-visitor.ts(773,7): error TS2322: Type 'number[]' is not assignable to type 'string | number | boolean'.
src/features/openscad-parser/ast/visitors/module-visitor.ts(775,7): error TS2322: Type 'number[]' is not assignable to type 'string | number | boolean'.
src/features/openscad-parser/ast/visitors/module-visitor.ts(777,7): error TS2322: Type 'number[]' is not assignable to type 'string | number | boolean'.
src/features/openscad-parser/ast/visitors/module-visitor.ts(779,7): error TS2322: Type 'number[]' is not assignable to type 'string | number | boolean'.
src/features/openscad-parser/ast/visitors/module-visitor.ts(784,7): error TS2740: Type 'ExpressionNode' is missing the following properties from type 'number[]': length, pop, push, concat, and 29 more.
src/features/openscad-parser/ast/visitors/module-visitor.ts(807,7): error TS2322: Type 'number[][]' is not assignable to type 'string | number | boolean'.
src/features/openscad-parser/ast/visitors/module-visitor.ts(821,22): error TS2339: Property 'type' does not exist on type 'Vector3D | Vector2D | ExpressionNode | ErrorNode'.
  Property 'type' does not exist on type 'Vector3D'.
src/features/openscad-parser/ast/visitors/module-visitor.ts(822,22): error TS2339: Property 'expressionType' does not exist on type 'Vector3D | Vector2D | ExpressionNode | ErrorNode'.
  Property 'expressionType' does not exist on type 'Vector3D'.
src/features/openscad-parser/ast/visitors/module-visitor.ts(824,9): error TS2322: Type 'Vector3D | Vector2D | ExpressionNode | ErrorNode' is not assignable to type 'ExpressionNode'.
  Type 'Vector3D' is not assignable to type 'ExpressionNode'.
src/features/openscad-parser/ast/visitors/module-visitor.ts(826,9): error TS2322: Type 'Vector3D | Vector2D' is not assignable to type 'string | number | boolean'.
  Type 'Vector3D' is not assignable to type 'string | number | boolean'.
src/features/openscad-parser/ast/visitors/module-visitor.ts(832,7): error TS2322: Type 'number[][]' is not assignable to type 'string | number | boolean'.
src/features/openscad-parser/ast/visitors/module-visitor.ts(842,7): error TS2740: Type 'ExpressionNode' is missing the following properties from type 'number[][]': length, pop, push, concat, and 29 more.
src/features/openscad-parser/ast/visitors/module-visitor.ts(865,7): error TS2322: Type 'number[]' is not assignable to type 'string | number | boolean | undefined'.
src/features/openscad-parser/ast/visitors/module-visitor.ts(878,22): error TS2339: Property 'type' does not exist on type 'Vector3D | Vector2D | ExpressionNode | ErrorNode'.
  Property 'type' does not exist on type 'Vector3D'.
src/features/openscad-parser/ast/visitors/module-visitor.ts(879,22): error TS2339: Property 'expressionType' does not exist on type 'Vector3D | Vector2D | ExpressionNode | ErrorNode'.
  Property 'expressionType' does not exist on type 'Vector3D'.
src/features/openscad-parser/ast/visitors/module-visitor.ts(881,9): error TS2322: Type 'Vector3D | Vector2D | ExpressionNode | ErrorNode' is not assignable to type 'string | ExpressionNode'.
  Type 'Vector3D' is not assignable to type 'string | ExpressionNode'.
src/features/openscad-parser/ast/visitors/module-visitor.ts(883,9): error TS2322: Type 'Vector3D | Vector2D' is not assignable to type 'string | number | boolean'.
  Type 'Vector3D' is not assignable to type 'string | number | boolean'.
src/features/openscad-parser/ast/visitors/module-visitor.ts(926,9): error TS2322: Type 'number[]' is not assignable to type 'string | Vector4D'.
  Type 'number[]' is not assignable to type 'Vector4D'.
    Target requires 4 element(s) but source may have fewer.
src/features/openscad-parser/ast/visitors/module-visitor.ts(933,20): error TS2352: Conversion of type 'string | number | boolean' to type 'Vector4D' may be a mistake because neither type sufficiently overlaps with the other. If this was intentional, convert the expression to 'unknown' first.
  Type 'boolean' is not comparable to type '[number, number, number, number]'.
src/features/openscad-parser/ast/visitors/primitive-visitor.ts(863,48): error TS2345: Argument of type 'string | undefined' is not assignable to parameter of type 'string'.
  Type 'undefined' is not assignable to type 'string'.
src/features/openscad-parser/ast/visitors/primitive-visitor.ts(1076,36): error TS2345: Argument of type 'string | undefined' is not assignable to parameter of type 'string'.
  Type 'undefined' is not assignable to type 'string'.
src/features/openscad-parser/ast/visitors/primitive-visitor.ts(1107,24): error TS2322: Type 'number | undefined' is not assignable to type 'number'.
  Type 'undefined' is not assignable to type 'number'.
src/features/openscad-parser/ast/visitors/primitive-visitor.ts(1107,27): error TS2322: Type 'number | undefined' is not assignable to type 'number'.
  Type 'undefined' is not assignable to type 'number'.
src/features/openscad-parser/ast/visitors/primitive-visitor.ts(1186,34): error TS2345: Argument of type 'string | undefined' is not assignable to parameter of type 'string'.
  Type 'undefined' is not assignable to type 'string'.
src/features/openscad-parser/services/module-resolver/debug-parameter-extraction.test.ts(106,19): error TS2339: Property 'data' does not exist on type 'Result<ASTNode[], ModuleResolverError>'.
  Property 'data' does not exist on type '{ readonly success: false; readonly error: ModuleResolverError; }'.
src/features/openscad-parser/services/module-resolver/debug-parameter-extraction.test.ts(108,17): error TS2339: Property 'data' does not exist on type 'Result<ASTNode[], ModuleResolverError>'.
  Property 'data' does not exist on type '{ readonly success: false; readonly error: ModuleResolverError; }'.
src/features/openscad-parser/services/module-resolver/debug-parameter-extraction.test.ts(111,34): error TS2339: Property 'data' does not exist on type 'Result<ASTNode[], ModuleResolverError>'.
  Property 'data' does not exist on type '{ readonly success: false; readonly error: ModuleResolverError; }'.
src/features/openscad-parser/services/module-resolver/debug-parameter-extraction.test.ts(119,44): error TS7006: Parameter 'node' implicitly has an 'any' type.
src/features/openscad-parser/services/module-resolver/debug-parameter-extraction.test.ts(168,19): error TS2339: Property 'data' does not exist on type 'Result<ASTNode[], ModuleResolverError>'.
  Property 'data' does not exist on type '{ readonly success: false; readonly error: ModuleResolverError; }'.
src/features/openscad-parser/services/module-resolver/debug-parameter-extraction.test.ts(170,17): error TS2339: Property 'data' does not exist on type 'Result<ASTNode[], ModuleResolverError>'.
  Property 'data' does not exist on type '{ readonly success: false; readonly error: ModuleResolverError; }'.
src/features/openscad-parser/services/module-resolver/debug-parameter-extraction.test.ts(173,34): error TS2339: Property 'data' does not exist on type 'Result<ASTNode[], ModuleResolverError>'.
  Property 'data' does not exist on type '{ readonly success: false; readonly error: ModuleResolverError; }'.
src/features/openscad-parser/services/module-resolver/debug-parameter-extraction.test.ts(174,47): error TS7006: Parameter 'node' implicitly has an 'any' type.
src/features/openscad-parser/services/module-resolver/module-resolver.ts(494,7): error TS2353: Object literal may only specify known properties, and 'sourceCode' does not exist in type 'ResolutionContext'.
src/features/openscad-parser/services/module-resolver/module-resolver.ts(494,27): error TS2339: Property 'sourceCode' does not exist on type 'ResolutionContext'.
src/features/openscad-parser/services/module-resolver/module-resolver.ts(712,14): error TS2339: Property 'type' does not exist on type 'object'.
src/features/openscad-parser/services/module-resolver/module-resolver.ts(712,27): error TS2339: Property 'type' does not exist on type 'object'.
src/features/openscad-parser/services/module-resolver/module-resolver.ts(713,54): error TS2345: Argument of type 'object' is not assignable to parameter of type 'Record<string, unknown>'.
  Index signature for type 'string' is missing in type '{}'.
src/features/openscad-parser/services/module-resolver/module-resolver.ts(717,14): error TS2339: Property 'type' does not exist on type 'object'.
src/features/openscad-parser/services/module-resolver/module-resolver.ts(717,51): error TS2339: Property 'name' does not exist on type 'object'.
src/features/openscad-parser/services/module-resolver/module-resolver.ts(717,90): error TS2339: Property 'name' does not exist on type 'object'.
src/features/openscad-parser/services/module-resolver/module-resolver.ts(719,39): error TS2339: Property 'name' does not exist on type 'object'.
src/features/openscad-parser/services/module-resolver/module-resolver.ts(721,35): error TS2345: Argument of type 'object' is not assignable to parameter of type 'Record<string, unknown>'.
  Index signature for type 'string' is missing in type '{}'.
src/features/openscad-parser/services/module-resolver/module-resolver.ts(729,23): error TS7053: Element implicitly has an 'any' type because expression of type 'string' can't be used to index type '{}'.
  No index signature with a parameter of type 'string' was found on type '{}'.
src/features/openscad-parser/services/module-resolver/module-resolver.ts(740,11): error TS7053: Element implicitly has an 'any' type because expression of type 'string' can't be used to index type '{}'.
  No index signature with a parameter of type 'string' was found on type '{}'.
src/features/openscad-parser/services/module-resolver/module-resolver.ts(786,22): error TS2339: Property 'type' does not exist on type 'object'.
src/features/openscad-parser/services/module-resolver/module-resolver.ts(787,22): error TS2339: Property 'expressionType' does not exist on type 'object'.
src/features/openscad-parser/services/module-resolver/module-resolver.ts(792,99): error TS2339: Property 'elements' does not exist on type 'object'.
src/features/openscad-parser/services/module-resolver/module-resolver.ts(799,26): error TS2339: Property 'elements' does not exist on type 'object'.
src/features/openscad-parser/services/module-resolver/module-resolver.ts(799,63): error TS2339: Property 'elements' does not exist on type 'object'.
src/features/openscad-parser/services/module-resolver/module-resolver.ts(802,44): error TS2339: Property 'elements' does not exist on type 'object'.
src/features/openscad-parser/services/module-resolver/module-resolver.ts(803,42): error TS2339: Property 'elements' does not exist on type 'object'.
src/features/openscad-parser/services/module-resolver/module-resolver.ts(847,26): error TS2339: Property 'type' does not exist on type 'object'.
src/features/openscad-parser/services/module-resolver/module-resolver.ts(847,75): error TS2339: Property 'name' does not exist on type 'object'.
src/features/openscad-parser/services/module-resolver/module-resolver.ts(849,56): error TS2339: Property 'name' does not exist on type 'object'.
src/features/openscad-parser/services/module-resolver/module-resolver.ts(851,76): error TS2339: Property 'name' does not exist on type 'object'.
src/features/openscad-parser/services/module-resolver/module-resolver.ts(856,24): error TS2339: Property 'type' does not exist on type 'object'.
src/features/openscad-parser/services/module-resolver/module-resolver.ts(857,24): error TS2339: Property 'expressionType' does not exist on type 'object'.
src/features/openscad-parser/services/module-resolver/module-resolver.ts(858,37): error TS2339: Property 'name' does not exist on type 'object'.
src/features/openscad-parser/services/module-resolver/module-resolver.ts(861,56): error TS2339: Property 'name' does not exist on type 'object'.
src/features/openscad-parser/services/module-resolver/module-resolver.ts(863,87): error TS2339: Property 'name' does not exist on type 'object'.
src/features/openscad-parser/services/module-resolver/module-resolver.ts(933,8): error TS2352: Conversion of type 'Vector3D | Vector2D | ExpressionNode | ErrorNode' to type 'Record<string, unknown>' may be a mistake because neither type sufficiently overlaps with the other. If this was intentional, convert the expression to 'unknown' first.
  Type 'ErrorNode' is not comparable to type 'Record<string, unknown>'.
    Index signature for type 'string' is missing in type 'ErrorNode'.
src/features/openscad-parser/services/module-resolver/module-resolver.ts(935,20): error TS2352: Conversion of type 'Vector3D | Vector2D | ExpressionNode | ErrorNode' to type 'Record<string, unknown>' may be a mistake because neither type sufficiently overlaps with the other. If this was intentional, convert the expression to 'unknown' first.
  Type 'ErrorNode' is not comparable to type 'Record<string, unknown>'.
    Index signature for type 'string' is missing in type 'ErrorNode'.
src/features/openscad-parser/services/module-resolver/module-resolver.ts(1018,8): error TS2352: Conversion of type 'Vector3D | Vector2D | ExpressionNode | ErrorNode' to type 'Record<string, unknown>' may be a mistake because neither type sufficiently overlaps with the other. If this was intentional, convert the expression to 'unknown' first.
  Type 'ErrorNode' is not comparable to type 'Record<string, unknown>'.
    Index signature for type 'string' is missing in type 'ErrorNode'.
src/features/openscad-parser/services/module-resolver/module-resolver.ts(1020,20): error TS2352: Conversion of type 'Vector3D | Vector2D | ExpressionNode | ErrorNode' to type 'Record<string, unknown>' may be a mistake because neither type sufficiently overlaps with the other. If this was intentional, convert the expression to 'unknown' first.
  Type 'ErrorNode' is not comparable to type 'Record<string, unknown>'.
    Index signature for type 'string' is missing in type 'ErrorNode'.
src/features/openscad-parser/services/module-resolver/module-resolver.ts(1033,9): error TS2322: Type 'unknown' is not assignable to type 'string | number | boolean | null'.
src/features/openscad-parser/services/module-resolver/module-resolver.ts(1036,7): error TS2322: Type 'Vector3D | Vector2D | ExpressionNode | ErrorNode' is not assignable to type 'string | number | boolean | null'.
  Type 'Vector3D' is not assignable to type 'string | number | boolean | null'.
src/features/openscad-parser/services/module-resolver/module-resolver.ts(1040,5): error TS2322: Type 'ParameterValue' is not assignable to type 'string | number | boolean | null'.
  Type 'undefined' is not assignable to type 'string | number | boolean | null'.
src/features/openscad-parser/services/module-resolver/module-resolver.ts(1062,9): error TS2322: Type 'unknown[]' is not assignable to type 'ParameterValue'.
  Type 'unknown[]' is not assignable to type 'Vector3D | Vector2D | ExpressionNode | ErrorNode'.
    Type 'unknown[]' is not assignable to type 'Vector2D'.
      Target requires 2 element(s) but source may have fewer.
src/features/openscad-parser/services/module-resolver/module-resolver.ts(1069,22): error TS2352: Conversion of type 'BaseNode | ExpressionNode | LiteralNode | LiteralExpressionNode | BinaryExpressionNode | UnaryExpressionNode | ConditionalExpressionNode | ArrayExpressionNode | IdentifierNode | FunctionCallNode | RangeExpressionNode | LetExpressionNode | VectorExpressionNode' to type 'Record<string, unknown>' may be a mistake because neither type sufficiently overlaps with the other. If this was intentional, convert the expression to 'unknown' first.
  Type 'VectorExpressionNode' is not comparable to type 'Record<string, unknown>'.
    Index signature for type 'string' is missing in type 'VectorExpressionNode'.
src/features/openscad-parser/services/module-resolver/module-resolver.ts(1082,11): error TS2322: Type 'unknown' is not assignable to type 'ParameterValue'.
src/features/openscad-parser/services/module-resolver/user-reported-issue.test.ts(5,32): error TS2307: Cannot find module '@openscad/parser' or its corresponding type declarations.
src/features/openscad-parser/services/module-resolver/user-reported-issue.test.ts(6,30): error TS2307: Cannot find module '../../../../babylon-renderer/babylon-scene' or its corresponding type declarations.
src/features/openscad-parser/services/module-system-end-to-end.test.ts(51,21): error TS2339: Property 'data' does not exist on type 'Result<ASTNode[], ModuleResolverError>'.
  Property 'data' does not exist on type '{ readonly success: false; readonly error: ModuleResolverError; }'.
src/features/openscad-parser/services/module-system-end-to-end.test.ts(52,21): error TS2339: Property 'data' does not exist on type 'Result<ASTNode[], ModuleResolverError>'.
  Property 'data' does not exist on type '{ readonly success: false; readonly error: ModuleResolverError; }'.
src/features/openscad-parser/services/module-system-end-to-end.test.ts(53,22): error TS2339: Property 'data' does not exist on type 'Result<ASTNode[], ModuleResolverError>'.
  Property 'data' does not exist on type '{ readonly success: false; readonly error: ModuleResolverError; }'.
src/features/openscad-parser/services/module-system-end-to-end.test.ts(175,21): error TS2339: Property 'data' does not exist on type 'Result<ASTNode[], ModuleResolverError>'.
  Property 'data' does not exist on type '{ readonly success: false; readonly error: ModuleResolverError; }'.
src/features/openscad-parser/services/module-system-end-to-end.test.ts(177,32): error TS2339: Property 'data' does not exist on type 'Result<ASTNode[], ModuleResolverError>'.
  Property 'data' does not exist on type '{ readonly success: false; readonly error: ModuleResolverError; }'.
src/features/openscad-parser/services/module-system-end-to-end.test.ts(177,43): error TS7006: Parameter 'node' implicitly has an 'any' type.
src/features/openscad-parser/services/module-system-end-to-end.test.ts(178,32): error TS7006: Parameter 'type' implicitly has an 'any' type.
src/features/openscad-parser/services/module-system-end-to-end.test.ts(179,32): error TS7006: Parameter 'type' implicitly has an 'any' type.
src/features/openscad-parser/services/module-system-end-to-end.test.ts(235,21): error TS2339: Property 'data' does not exist on type 'Result<ASTNode[], ModuleResolverError>'.
  Property 'data' does not exist on type '{ readonly success: false; readonly error: ModuleResolverError; }'.
src/features/openscad-parser/services/module-system-end-to-end.test.ts(237,14): error TS2339: Property 'data' does not exist on type 'Result<ASTNode[], ModuleResolverError>'.
  Property 'data' does not exist on type '{ readonly success: false; readonly error: ModuleResolverError; }'.
src/features/openscad-parser/services/module-system-end-to-end.test.ts(237,29): error TS7006: Parameter 'node' implicitly has an 'any' type.
src/features/openscad-parser/services/module-system-end-to-end.test.ts(307,21): error TS2339: Property 'data' does not exist on type 'Result<ASTNode[], ModuleResolverError>'.
  Property 'data' does not exist on type '{ readonly success: false; readonly error: ModuleResolverError; }'.
src/features/openscad-parser/services/module-system-end-to-end.test.ts(309,14): error TS2339: Property 'data' does not exist on type 'Result<ASTNode[], ModuleResolverError>'.
  Property 'data' does not exist on type '{ readonly success: false; readonly error: ModuleResolverError; }'.
src/features/openscad-parser/services/module-system-end-to-end.test.ts(309,29): error TS7006: Parameter 'node' implicitly has an 'any' type.
src/features/openscad-parser/services/nested-modules/deep-nesting.test.ts(233,25): error TS2353: Object literal may only specify known properties, and 'line' does not exist in type 'SourceLocation'.
src/features/openscad-parser/services/nested-modules/deep-nesting.test.ts(243,25): error TS2353: Object literal may only specify known properties, and 'line' does not exist in type 'SourceLocation'.
src/features/openscad-parser/services/nested-modules/deep-nesting.test.ts(253,25): error TS2353: Object literal may only specify known properties, and 'line' does not exist in type 'SourceLocation'.
src/features/openscad-parser/services/nested-modules/deep-nesting.test.ts(257,23): error TS2353: Object literal may only specify known properties, and 'line' does not exist in type 'SourceLocation'.
src/features/openscad-parser/services/nested-modules/edge-cases.test.ts(299,27): error TS2353: Object literal may only specify known properties, and 'line' does not exist in type 'SourceLocation'.
src/features/openscad-parser/services/nested-modules/edge-cases.test.ts(306,29): error TS2353: Object literal may only specify known properties, and 'line' does not exist in type 'SourceLocation'.
src/features/openscad-parser/services/nested-modules/edge-cases.test.ts(309,25): error TS2353: Object literal may only specify known properties, and 'line' does not exist in type 'SourceLocation'.
src/features/openscad-parser/services/nested-modules/edge-cases.test.ts(320,25): error TS2353: Object literal may only specify known properties, and 'line' does not exist in type 'SourceLocation'.
src/features/openscad-parser/services/nested-modules/edge-cases.test.ts(329,27): error TS2353: Object literal may only specify known properties, and 'line' does not exist in type 'SourceLocation'.
src/features/openscad-parser/services/nested-modules/edge-cases.test.ts(332,23): error TS2353: Object literal may only specify known properties, and 'line' does not exist in type 'SourceLocation'.
src/features/openscad-parser/services/nested-modules/edge-cases.test.ts(456,27): error TS2353: Object literal may only specify known properties, and 'line' does not exist in type 'SourceLocation'.
src/features/openscad-parser/services/nested-modules/edge-cases.test.ts(463,29): error TS2353: Object literal may only specify known properties, and 'line' does not exist in type 'SourceLocation'.
src/features/openscad-parser/services/nested-modules/edge-cases.test.ts(466,25): error TS2353: Object literal may only specify known properties, and 'line' does not exist in type 'SourceLocation'.
src/features/openscad-parser/services/nested-modules/edge-cases.test.ts(475,27): error TS2353: Object literal may only specify known properties, and 'line' does not exist in type 'SourceLocation'.
src/features/openscad-parser/services/nested-modules/edge-cases.test.ts(484,29): error TS2353: Object literal may only specify known properties, and 'line' does not exist in type 'SourceLocation'.
src/features/openscad-parser/services/nested-modules/edge-cases.test.ts(487,25): error TS2353: Object literal may only specify known properties, and 'line' does not exist in type 'SourceLocation'.
src/features/openscad-parser/services/nested-modules/edge-cases.test.ts(495,25): error TS2353: Object literal may only specify known properties, and 'line' does not exist in type 'SourceLocation'.
src/features/openscad-parser/services/nested-modules/scope-isolation.test.ts(35,23): error TS2353: Object literal may only specify known properties, and 'line' does not exist in type 'SourceLocation'.
src/features/openscad-parser/services/nested-modules/scope-isolation.test.ts(42,25): error TS2353: Object literal may only specify known properties, and 'line' does not exist in type 'SourceLocation'.
src/features/openscad-parser/services/nested-modules/scope-isolation.test.ts(45,21): error TS2353: Object literal may only specify known properties, and 'line' does not exist in type 'SourceLocation'.
src/features/openscad-parser/services/nested-modules/scope-isolation.test.ts(54,23): error TS2353: Object literal may only specify known properties, and 'line' does not exist in type 'SourceLocation'.
src/features/openscad-parser/services/nested-modules/scope-isolation.test.ts(62,25): error TS2353: Object literal may only specify known properties, and 'line' does not exist in type 'SourceLocation'.
src/features/openscad-parser/services/nested-modules/scope-isolation.test.ts(65,21): error TS2353: Object literal may only specify known properties, and 'line' does not exist in type 'SourceLocation'.
src/features/openscad-parser/services/nested-modules/scope-isolation.test.ts(74,23): error TS2353: Object literal may only specify known properties, and 'line' does not exist in type 'SourceLocation'.
src/features/openscad-parser/services/nested-modules/scope-isolation.test.ts(83,25): error TS2353: Object literal may only specify known properties, and 'line' does not exist in type 'SourceLocation'.
src/features/openscad-parser/services/nested-modules/scope-isolation.test.ts(86,21): error TS2353: Object literal may only specify known properties, and 'line' does not exist in type 'SourceLocation'.
src/features/openscad-parser/services/nested-modules/scope-isolation.test.ts(95,23): error TS2353: Object literal may only specify known properties, and 'line' does not exist in type 'SourceLocation'.
src/features/openscad-parser/services/nested-modules/scope-isolation.test.ts(104,25): error TS2353: Object literal may only specify known properties, and 'line' does not exist in type 'SourceLocation'.
src/features/openscad-parser/services/nested-modules/scope-isolation.test.ts(107,21): error TS2353: Object literal may only specify known properties, and 'line' does not exist in type 'SourceLocation'.
src/features/openscad-parser/services/nested-modules/scope-isolation.test.ts(117,23): error TS2353: Object literal may only specify known properties, and 'line' does not exist in type 'SourceLocation'.
src/features/openscad-parser/services/nested-modules/scope-isolation.test.ts(123,23): error TS2353: Object literal may only specify known properties, and 'line' does not exist in type 'SourceLocation'.
src/features/openscad-parser/services/nested-modules/scope-isolation.test.ts(155,23): error TS2353: Object literal may only specify known properties, and 'line' does not exist in type 'SourceLocation'.
src/features/openscad-parser/services/nested-modules/scope-isolation.test.ts(164,25): error TS2353: Object literal may only specify known properties, and 'line' does not exist in type 'SourceLocation'.
src/features/openscad-parser/services/nested-modules/scope-isolation.test.ts(167,21): error TS2353: Object literal may only specify known properties, and 'line' does not exist in type 'SourceLocation'.
src/features/openscad-parser/services/nested-modules/scope-isolation.test.ts(176,23): error TS2353: Object literal may only specify known properties, and 'line' does not exist in type 'SourceLocation'.
src/features/openscad-parser/services/nested-modules/scope-isolation.test.ts(184,25): error TS2353: Object literal may only specify known properties, and 'line' does not exist in type 'SourceLocation'.
src/features/openscad-parser/services/nested-modules/scope-isolation.test.ts(187,21): error TS2353: Object literal may only specify known properties, and 'line' does not exist in type 'SourceLocation'.
src/features/openscad-parser/services/nested-modules/scope-isolation.test.ts(196,23): error TS2353: Object literal may only specify known properties, and 'line' does not exist in type 'SourceLocation'.
src/features/openscad-parser/services/nested-modules/scope-isolation.test.ts(206,25): error TS2353: Object literal may only specify known properties, and 'line' does not exist in type 'SourceLocation'.
src/features/openscad-parser/services/nested-modules/scope-isolation.test.ts(209,21): error TS2353: Object literal may only specify known properties, and 'line' does not exist in type 'SourceLocation'.
src/features/openscad-parser/services/nested-modules/scope-isolation.test.ts(218,23): error TS2353: Object literal may only specify known properties, and 'line' does not exist in type 'SourceLocation'.
src/features/openscad-parser/services/nested-modules/scope-isolation.test.ts(245,23): error TS2353: Object literal may only specify known properties, and 'line' does not exist in type 'SourceLocation'.
src/features/openscad-parser/services/nested-modules/scope-isolation.test.ts(252,25): error TS2353: Object literal may only specify known properties, and 'line' does not exist in type 'SourceLocation'.
src/features/openscad-parser/services/nested-modules/scope-isolation.test.ts(255,21): error TS2353: Object literal may only specify known properties, and 'line' does not exist in type 'SourceLocation'.
src/features/openscad-parser/services/nested-modules/scope-isolation.test.ts(264,23): error TS2353: Object literal may only specify known properties, and 'line' does not exist in type 'SourceLocation'.
src/features/openscad-parser/services/nested-modules/scope-isolation.test.ts(272,25): error TS2353: Object literal may only specify known properties, and 'line' does not exist in type 'SourceLocation'.
src/features/openscad-parser/services/nested-modules/scope-isolation.test.ts(275,21): error TS2353: Object literal may only specify known properties, and 'line' does not exist in type 'SourceLocation'.
src/features/openscad-parser/services/nested-modules/scope-isolation.test.ts(284,23): error TS2353: Object literal may only specify known properties, and 'line' does not exist in type 'SourceLocation'.
src/features/openscad-parser/services/nested-modules/scope-isolation.test.ts(293,25): error TS2353: Object literal may only specify known properties, and 'line' does not exist in type 'SourceLocation'.
src/features/openscad-parser/services/nested-modules/scope-isolation.test.ts(296,21): error TS2353: Object literal may only specify known properties, and 'line' does not exist in type 'SourceLocation'.
src/features/openscad-parser/services/nested-modules/scope-isolation.test.ts(306,23): error TS2353: Object literal may only specify known properties, and 'line' does not exist in type 'SourceLocation'.
src/features/openscad-parser/services/nested-modules/scope-isolation.test.ts(332,23): error TS2353: Object literal may only specify known properties, and 'line' does not exist in type 'SourceLocation'.
src/features/openscad-parser/services/nested-modules/scope-isolation.test.ts(340,25): error TS2353: Object literal may only specify known properties, and 'line' does not exist in type 'SourceLocation'.
src/features/openscad-parser/services/nested-modules/scope-isolation.test.ts(343,21): error TS2353: Object literal may only specify known properties, and 'line' does not exist in type 'SourceLocation'.
src/features/openscad-parser/services/nested-modules/scope-isolation.test.ts(352,23): error TS2353: Object literal may only specify known properties, and 'line' does not exist in type 'SourceLocation'.
src/features/openscad-parser/services/nested-modules/scope-isolation.test.ts(361,25): error TS2353: Object literal may only specify known properties, and 'line' does not exist in type 'SourceLocation'.
src/features/openscad-parser/services/nested-modules/scope-isolation.test.ts(364,21): error TS2353: Object literal may only specify known properties, and 'line' does not exist in type 'SourceLocation'.
src/features/openscad-parser/services/nested-modules/scope-isolation.test.ts(373,23): error TS2353: Object literal may only specify known properties, and 'line' does not exist in type 'SourceLocation'.
src/features/openscad-parser/services/nested-modules/scope-isolation.test.ts(380,25): error TS2353: Object literal may only specify known properties, and 'line' does not exist in type 'SourceLocation'.
src/features/openscad-parser/services/nested-modules/scope-isolation.test.ts(383,21): error TS2353: Object literal may only specify known properties, and 'line' does not exist in type 'SourceLocation'.
src/features/openscad-parser/services/nested-modules/scope-isolation.test.ts(392,23): error TS2353: Object literal may only specify known properties, and 'line' does not exist in type 'SourceLocation'.
src/features/openscad-parser/services/nested-modules/scope-isolation.test.ts(402,25): error TS2353: Object literal may only specify known properties, and 'line' does not exist in type 'SourceLocation'.
src/features/openscad-parser/services/nested-modules/scope-isolation.test.ts(405,21): error TS2353: Object literal may only specify known properties, and 'line' does not exist in type 'SourceLocation'.
src/features/openscad-parser/services/nested-modules/scope-isolation.test.ts(414,23): error TS2353: Object literal may only specify known properties, and 'line' does not exist in type 'SourceLocation'.
src/features/openscad-parser/services/nested-modules/simple-nesting.test.ts(90,13): error TS2353: Object literal may only specify known properties, and 'vector' does not exist in type 'BaseNode | TranslateNode'.
src/features/store/app-store.ts(716,5): error TS2379: Argument of type 'StateCreator<AppStore, [], [["zustand/immer", never]]> | StateCreator<AppStore, [], [["zustand/persist", { config: AppConfig; editor: { code: string; lastSaved: Date | null; }; openscadGlobals: OpenSCADGlobalsState; babylonRendering: { camera: CameraConfig; gizmo: GizmoState; axisOverlay: AxisOverlayState; }; }], ["zustand/immer", never]]> | StateCreator<AppStore, [], [["zustand/devtools", never], ["zustand/immer", never]]>' is not assignable to parameter of type 'StateCreator<AppStore, [], [["zustand/immer", never]]>' with 'exactOptionalPropertyTypes: true'. Consider adding 'undefined' to the types of the target's properties.
  Type 'StateCreator<AppStore, [], [["zustand/persist", { config: AppConfig; editor: { code: string; lastSaved: Date | null; }; openscadGlobals: OpenSCADGlobalsState; babylonRendering: { camera: CameraConfig; gizmo: GizmoState; axisOverlay: AxisOverlayState; }; }], ["zustand/immer", never]]>' is not assignable to type 'StateCreator<AppStore, [], [["zustand/immer", never]]>' with 'exactOptionalPropertyTypes: true'. Consider adding 'undefined' to the types of the target's properties.
    Type 'StateCreator<AppStore, [], [["zustand/persist", { config: AppConfig; editor: { code: string; lastSaved: Date | null; }; openscadGlobals: OpenSCADGlobalsState; babylonRendering: { camera: CameraConfig; gizmo: GizmoState; axisOverlay: AxisOverlayState; }; }], ["zustand/immer", never]]>' is not assignable to type '{ $$storeMutators?: [["zustand/immer", never]]; }' with 'exactOptionalPropertyTypes: true'. Consider adding 'undefined' to the types of the target's properties.
      Types of property '$$storeMutators' are incompatible.
        Type '[["zustand/persist", { config: AppConfig; editor: { code: string; lastSaved: Date | null; }; openscadGlobals: OpenSCADGlobalsState; babylonRendering: { camera: CameraConfig; gizmo: GizmoState; axisOverlay: AxisOverlayState; }; }], ["zustand/immer", never]]' is not assignable to type '[["zustand/immer", never]]'.
          Source has 2 element(s) but target allows only 1.
src/features/store/app-store.ts(717,18): error TS2379: Argument of type 'StateCreator<AppStore, [], [["zustand/immer", never]]> | StateCreator<AppStore, [], [["zustand/persist", { config: AppConfig; editor: { code: string; lastSaved: Date | null; }; openscadGlobals: OpenSCADGlobalsState; babylonRendering: { camera: CameraConfig; gizmo: GizmoState; axisOverlay: AxisOverlayState; }; }], ["zustand/immer", never]]>' is not assignable to parameter of type 'StateCreator<AppStore, [["zustand/devtools", never]], [["zustand/immer", never]], AppStore>' with 'exactOptionalPropertyTypes: true'. Consider adding 'undefined' to the types of the target's properties.
  Type 'StateCreator<AppStore, [], [["zustand/persist", { config: AppConfig; editor: { code: string; lastSaved: Date | null; }; openscadGlobals: OpenSCADGlobalsState; babylonRendering: { camera: CameraConfig; gizmo: GizmoState; axisOverlay: AxisOverlayState; }; }], ["zustand/immer", never]]>' is not assignable to type 'StateCreator<AppStore, [["zustand/devtools", never]], [["zustand/immer", never]], AppStore>' with 'exactOptionalPropertyTypes: true'. Consider adding 'undefined' to the types of the target's properties.
    Type 'StateCreator<AppStore, [], [["zustand/persist", { config: AppConfig; editor: { code: string; lastSaved: Date | null; }; openscadGlobals: OpenSCADGlobalsState; babylonRendering: { camera: CameraConfig; gizmo: GizmoState; axisOverlay: AxisOverlayState; }; }], ["zustand/immer", never]]>' is not assignable to type '{ $$storeMutators?: [["zustand/immer", never]]; }' with 'exactOptionalPropertyTypes: true'. Consider adding 'undefined' to the types of the target's properties.
      Types of property '$$storeMutators' are incompatible.
        Type '[["zustand/persist", { config: AppConfig; editor: { code: string; lastSaved: Date | null; }; openscadGlobals: OpenSCADGlobalsState; babylonRendering: { camera: CameraConfig; gizmo: GizmoState; axisOverlay: AxisOverlayState; }; }], ["zustand/immer", never]]' is not assignable to type '[["zustand/immer", never]]'.
          Source has 2 element(s) but target allows only 1.
src/features/store/app-store.ts(804,61): error TS2339: Property 'connect' does not exist on type '{}'.
src/features/store/app-store.ts(805,58): error TS2339: Property 'connect' does not exist on type '{}'.
src/features/store/slices/openscad-globals-slice/openscad-globals-slice.test.ts(38,5): error TS2322: Type 'UseBoundStore<StoreApi<MockStore>>' is not assignable to type '<Mos extends [StoreMutatorIdentifier, unknown][] = []>(initializer: StateCreator<MockStore, [], Mos>) => UseBoundStore<Mutate<StoreApi<MockStore>, Mos>>'.
  Type 'MockStore' is not assignable to type 'UseBoundStore<StoreApi<MockStore>>'.
    Type 'MockStore' is not assignable to type '{ (): MockStore; <U>(selector: (state: MockStore) => U): U; }'.
      Type 'MockStore' provides no match for the signature '(): MockStore'.
src/features/store/slices/openscad-globals-slice/openscad-globals-slice.test.ts(40,37): error TS2345: Argument of type '{ (partial: MockStore | Partial<MockStore> | ((state: MockStore) => MockStore | Partial<MockStore>), replace?: false | undefined): void; (state: MockStore | ((state: MockStore) => MockStore), replace: true): void; }' is not assignable to parameter of type '{ (nextStateOrUpdater: AppStore | Partial<AppStore> | ((state: WritableDraft<AppStore>) => void), shouldReplace?: false | undefined): void; (nextStateOrUpdater: AppStore | ((state: WritableDraft<AppStore>) => void), shouldReplace: true): void; }'.
  Types of parameters 'partial' and 'nextStateOrUpdater' are incompatible.
    Type 'AppStore | ((state: WritableDraft<AppStore>) => void)' is not assignable to type 'MockStore | Partial<MockStore> | ((state: MockStore) => MockStore | Partial<MockStore>)'.
      Type '(state: WritableDraft<AppStore>) => void' is not assignable to type 'MockStore | Partial<MockStore> | ((state: MockStore) => MockStore | Partial<MockStore>)'.
        Type '(state: WritableDraft<AppStore>) => void' is not assignable to type '(state: MockStore) => MockStore | Partial<MockStore>'.
          Type 'void' is not assignable to type 'MockStore | Partial<MockStore>'.
src/features/store/slices/openscad-globals-slice/openscad-globals-slice.test.ts(46,27): error TS2339: Property 'getState' does not exist on type '<Mos extends [StoreMutatorIdentifier, unknown][] = []>(initializer: StateCreator<MockStore, [], Mos>) => UseBoundStore<Mutate<StoreApi<MockStore>, Mos>>'.
src/features/store/slices/openscad-globals-slice/openscad-globals-slice.test.ts(61,27): error TS2339: Property 'getState' does not exist on type '<Mos extends [StoreMutatorIdentifier, unknown][] = []>(initializer: StateCreator<MockStore, [], Mos>) => UseBoundStore<Mutate<StoreApi<MockStore>, Mos>>'.
src/features/store/slices/openscad-globals-slice/openscad-globals-slice.test.ts(69,50): error TS2339: Property 'getState' does not exist on type '<Mos extends [StoreMutatorIdentifier, unknown][] = []>(initializer: StateCreator<MockStore, [], Mos>) => UseBoundStore<Mutate<StoreApi<MockStore>, Mos>>'.
src/features/store/slices/openscad-globals-slice/openscad-globals-slice.test.ts(82,50): error TS2339: Property 'getState' does not exist on type '<Mos extends [StoreMutatorIdentifier, unknown][] = []>(initializer: StateCreator<MockStore, [], Mos>) => UseBoundStore<Mutate<StoreApi<MockStore>, Mos>>'.
src/features/store/slices/openscad-globals-slice/openscad-globals-slice.test.ts(94,50): error TS2339: Property 'getState' does not exist on type '<Mos extends [StoreMutatorIdentifier, unknown][] = []>(initializer: StateCreator<MockStore, [], Mos>) => UseBoundStore<Mutate<StoreApi<MockStore>, Mos>>'.
src/features/store/slices/openscad-globals-slice/openscad-globals-slice.test.ts(107,50): error TS2339: Property 'getState' does not exist on type '<Mos extends [StoreMutatorIdentifier, unknown][] = []>(initializer: StateCreator<MockStore, [], Mos>) => UseBoundStore<Mutate<StoreApi<MockStore>, Mos>>'.
src/features/store/slices/openscad-globals-slice/openscad-globals-slice.test.ts(120,50): error TS2339: Property 'getState' does not exist on type '<Mos extends [StoreMutatorIdentifier, unknown][] = []>(initializer: StateCreator<MockStore, [], Mos>) => UseBoundStore<Mutate<StoreApi<MockStore>, Mos>>'.
src/features/store/slices/openscad-globals-slice/openscad-globals-slice.test.ts(133,50): error TS2339: Property 'getState' does not exist on type '<Mos extends [StoreMutatorIdentifier, unknown][] = []>(initializer: StateCreator<MockStore, [], Mos>) => UseBoundStore<Mutate<StoreApi<MockStore>, Mos>>'.
src/features/store/slices/openscad-globals-slice/openscad-globals-slice.test.ts(145,41): error TS2339: Property 'getState' does not exist on type '<Mos extends [StoreMutatorIdentifier, unknown][] = []>(initializer: StateCreator<MockStore, [], Mos>) => UseBoundStore<Mutate<StoreApi<MockStore>, Mos>>'.
src/features/store/slices/openscad-globals-slice/openscad-globals-slice.test.ts(158,41): error TS2339: Property 'getState' does not exist on type '<Mos extends [StoreMutatorIdentifier, unknown][] = []>(initializer: StateCreator<MockStore, [], Mos>) => UseBoundStore<Mutate<StoreApi<MockStore>, Mos>>'.
src/features/store/slices/openscad-globals-slice/openscad-globals-slice.test.ts(170,40): error TS2339: Property 'getState' does not exist on type '<Mos extends [StoreMutatorIdentifier, unknown][] = []>(initializer: StateCreator<MockStore, [], Mos>) => UseBoundStore<Mutate<StoreApi<MockStore>, Mos>>'.
src/features/store/slices/openscad-globals-slice/openscad-globals-slice.test.ts(183,40): error TS2339: Property 'getState' does not exist on type '<Mos extends [StoreMutatorIdentifier, unknown][] = []>(initializer: StateCreator<MockStore, [], Mos>) => UseBoundStore<Mutate<StoreApi<MockStore>, Mos>>'.
src/features/store/slices/openscad-globals-slice/openscad-globals-slice.test.ts(201,44): error TS2339: Property 'getState' does not exist on type '<Mos extends [StoreMutatorIdentifier, unknown][] = []>(initializer: StateCreator<MockStore, [], Mos>) => UseBoundStore<Mutate<StoreApi<MockStore>, Mos>>'.
src/features/store/slices/openscad-globals-slice/openscad-globals-slice.test.ts(211,44): error TS2339: Property 'getState' does not exist on type '<Mos extends [StoreMutatorIdentifier, unknown][] = []>(initializer: StateCreator<MockStore, [], Mos>) => UseBoundStore<Mutate<StoreApi<MockStore>, Mos>>'.
src/features/store/slices/openscad-globals-slice/openscad-globals-slice.test.ts(223,37): error TS2339: Property 'getState' does not exist on type '<Mos extends [StoreMutatorIdentifier, unknown][] = []>(initializer: StateCreator<MockStore, [], Mos>) => UseBoundStore<Mutate<StoreApi<MockStore>, Mos>>'.
src/features/store/slices/openscad-globals-slice/openscad-globals-slice.test.ts(233,37): error TS2339: Property 'getState' does not exist on type '<Mos extends [StoreMutatorIdentifier, unknown][] = []>(initializer: StateCreator<MockStore, [], Mos>) => UseBoundStore<Mutate<StoreApi<MockStore>, Mos>>'.
src/features/store/slices/openscad-globals-slice/openscad-globals-slice.test.ts(242,50): error TS2339: Property 'getState' does not exist on type '<Mos extends [StoreMutatorIdentifier, unknown][] = []>(initializer: StateCreator<MockStore, [], Mos>) => UseBoundStore<Mutate<StoreApi<MockStore>, Mos>>'.
src/features/store/slices/openscad-globals-slice/openscad-globals-slice.test.ts(247,27): error TS2339: Property 'getState' does not exist on type '<Mos extends [StoreMutatorIdentifier, unknown][] = []>(initializer: StateCreator<MockStore, [], Mos>) => UseBoundStore<Mutate<StoreApi<MockStore>, Mos>>'.
src/features/store/slices/openscad-globals-slice/openscad-globals-slice.test.ts(254,34): error TS2339: Property 'getState' does not exist on type '<Mos extends [StoreMutatorIdentifier, unknown][] = []>(initializer: StateCreator<MockStore, [], Mos>) => UseBoundStore<Mutate<StoreApi<MockStore>, Mos>>'.
src/features/store/slices/openscad-globals-slice/openscad-globals-slice.test.ts(255,50): error TS2339: Property 'getState' does not exist on type '<Mos extends [StoreMutatorIdentifier, unknown][] = []>(initializer: StateCreator<MockStore, [], Mos>) => UseBoundStore<Mutate<StoreApi<MockStore>, Mos>>'.
src/features/store/slices/openscad-globals-slice/openscad-globals-slice.test.ts(259,30): error TS2339: Property 'getState' does not exist on type '<Mos extends [StoreMutatorIdentifier, unknown][] = []>(initializer: StateCreator<MockStore, [], Mos>) => UseBoundStore<Mutate<StoreApi<MockStore>, Mos>>'.
src/features/store/slices/openscad-globals-slice/openscad-globals-slice.test.ts(268,40): error TS2339: Property 'getState' does not exist on type '<Mos extends [StoreMutatorIdentifier, unknown][] = []>(initializer: StateCreator<MockStore, [], Mos>) => UseBoundStore<Mutate<StoreApi<MockStore>, Mos>>'.
src/features/store/slices/openscad-globals-slice/openscad-globals-slice.test.ts(273,27): error TS2339: Property 'getState' does not exist on type '<Mos extends [StoreMutatorIdentifier, unknown][] = []>(initializer: StateCreator<MockStore, [], Mos>) => UseBoundStore<Mutate<StoreApi<MockStore>, Mos>>'.
src/features/store/slices/openscad-globals-slice/openscad-globals-slice.test.ts(278,40): error TS2339: Property 'getState' does not exist on type '<Mos extends [StoreMutatorIdentifier, unknown][] = []>(initializer: StateCreator<MockStore, [], Mos>) => UseBoundStore<Mutate<StoreApi<MockStore>, Mos>>'.
src/features/store/slices/openscad-globals-slice/openscad-globals-slice.test.ts(287,67): error TS2339: Property 'getState' does not exist on type '<Mos extends [StoreMutatorIdentifier, unknown][] = []>(initializer: StateCreator<MockStore, [], Mos>) => UseBoundStore<Mutate<StoreApi<MockStore>, Mos>>'.
src/features/store/slices/openscad-globals-slice/openscad-globals-slice.test.ts(291,20): error TS2339: Property 'getState' does not exist on type '<Mos extends [StoreMutatorIdentifier, unknown][] = []>(initializer: StateCreator<MockStore, [], Mos>) => UseBoundStore<Mutate<StoreApi<MockStore>, Mos>>'.
src/features/store/slices/openscad-globals-slice/openscad-globals-slice.test.ts(292,20): error TS2339: Property 'getState' does not exist on type '<Mos extends [StoreMutatorIdentifier, unknown][] = []>(initializer: StateCreator<MockStore, [], Mos>) => UseBoundStore<Mutate<StoreApi<MockStore>, Mos>>'.
src/features/store/slices/openscad-globals-slice/openscad-globals-slice.test.ts(296,27): error TS2339: Property 'getState' does not exist on type '<Mos extends [StoreMutatorIdentifier, unknown][] = []>(initializer: StateCreator<MockStore, [], Mos>) => UseBoundStore<Mutate<StoreApi<MockStore>, Mos>>'.
src/features/store/slices/openscad-globals-slice/openscad-globals-slice.test.ts(303,82): error TS2339: Property 'getState' does not exist on type '<Mos extends [StoreMutatorIdentifier, unknown][] = []>(initializer: StateCreator<MockStore, [], Mos>) => UseBoundStore<Mutate<StoreApi<MockStore>, Mos>>'.
src/features/store/slices/openscad-globals-slice/openscad-globals-slice.test.ts(312,27): error TS2339: Property 'getState' does not exist on type '<Mos extends [StoreMutatorIdentifier, unknown][] = []>(initializer: StateCreator<MockStore, [], Mos>) => UseBoundStore<Mutate<StoreApi<MockStore>, Mos>>'.
src/features/store/slices/openscad-globals-slice/openscad-globals-slice.test.ts(320,50): error TS2339: Property 'getState' does not exist on type '<Mos extends [StoreMutatorIdentifier, unknown][] = []>(initializer: StateCreator<MockStore, [], Mos>) => UseBoundStore<Mutate<StoreApi<MockStore>, Mos>>'.
src/features/store/slices/openscad-globals-slice/openscad-globals-slice.test.ts(326,34): error TS7006: Parameter 'e' implicitly has an 'any' type.
src/features/store/slices/openscad-globals-slice/openscad-globals-slice.ts(549,3): error TS2322: Type '<K extends keyof OpenSCADGlobalsState>(variable: K, value: OpenSCADGlobalsState[K]) => { readonly success: true; readonly data: undefined; } | { readonly success: false; readonly error: OpenSCADGlobalsValidationError | undefined; }' is not assignable to type '<K extends keyof OpenSCADGlobalsState>(variable: K, value: OpenSCADGlobalsState[K]) => Result<void, OpenSCADGlobalsValidationError>'.
  Type '{ readonly success: true; readonly data: undefined; } | { readonly success: false; readonly error: OpenSCADGlobalsValidationError | undefined; }' is not assignable to type 'Result<void, OpenSCADGlobalsValidationError>'.
    Type '{ readonly success: false; readonly error: OpenSCADGlobalsValidationError | undefined; }' is not assignable to type 'Result<void, OpenSCADGlobalsValidationError>'.
      Type '{ readonly success: false; readonly error: OpenSCADGlobalsValidationError | undefined; }' is not assignable to type '{ readonly success: false; readonly error: OpenSCADGlobalsValidationError; }'.
        Types of property 'error' are incompatible.
          Type 'OpenSCADGlobalsValidationError | undefined' is not assignable to type 'OpenSCADGlobalsValidationError'.
            Type 'undefined' is not assignable to type 'OpenSCADGlobalsValidationError'.
src/features/store/slices/parsing-slice.ts(536,77): error TS2554: Expected 1 arguments, but got 2.
